   Compiling tsc-rs-diagnostics v0.1.0 (/Users/hiramatsu/dev/tsc-rs-compiler-literal-witness-ci/crates/diagnostics)
   Compiling tsc-rs-compiler v0.1.0 (/Users/hiramatsu/dev/tsc-rs-compiler-literal-witness-ci/crates/compiler)
   Compiling tsc-rs-types v0.1.0 (/Users/hiramatsu/dev/tsc-rs-compiler-literal-witness-ci/crates/types)
   Compiling tsc-rs-syntax v0.1.0 (/Users/hiramatsu/dev/tsc-rs-compiler-literal-witness-ci/crates/syntax)
   Compiling tsc-rs-host v0.1.0 (/Users/hiramatsu/dev/tsc-rs-compiler-literal-witness-ci/crates/host)
   Compiling tsc-rs-program v0.1.0 (/Users/hiramatsu/dev/tsc-rs-compiler-literal-witness-ci/crates/program)
   Compiling tsc-rs-emitter v0.1.0 (/Users/hiramatsu/dev/tsc-rs-compiler-literal-witness-ci/crates/emitter)
   Compiling tsc-rs-binder v0.1.0 (/Users/hiramatsu/dev/tsc-rs-compiler-literal-witness-ci/crates/binder)
   Compiling tsc-rs-checker v0.1.0 (/Users/hiramatsu/dev/tsc-rs-compiler-literal-witness-ci/crates/checker)
   Compiling tsc-rs-harness v0.1.0 (/Users/hiramatsu/dev/tsc-rs-compiler-literal-witness-ci/crates/harness)
    Finished `test` profile [unoptimized] target(s) in 4m 32s
     Running tests/h2_5h_utf16_literal_witnesses.rs (/Users/hiramatsu/dev/tsc-rs-printer-failure/target/debug/deps/h2_5h_utf16_literal_witnesses-a93674d4a72b7f29)

running 1 test
test utf16_literal_witnesses_match_complete_typescript_observations ... utf16 literal witnesses PRIMARY ATTEMPT utf16-literals/string-literals/es5/extended-high-surrogate
utf16 literal witnesses PRIMARY ATTEMPT utf16-literals/string-literals/es5/extended-high-surrogate
utf16 literal witnesses EXACT x2 utf16-literals/string-literals/es5/extended-high-surrogate
utf16 literal witnesses PRIMARY ATTEMPT utf16-literals/string-literals/es2015/extended-high-surrogate
utf16 literal witnesses PRIMARY ATTEMPT utf16-literals/string-literals/es2015/extended-high-surrogate
utf16 literal witnesses EXACT x2 utf16-literals/string-literals/es2015/extended-high-surrogate
utf16 literal witnesses PRIMARY ATTEMPT utf16-literals/string-literals/es5/extended-low-surrogate
utf16 literal witnesses PRIMARY ATTEMPT utf16-literals/string-literals/es5/extended-low-surrogate
utf16 literal witnesses EXACT x2 utf16-literals/string-literals/es5/extended-low-surrogate
utf16 literal witnesses PRIMARY ATTEMPT utf16-literals/string-literals/es2015/extended-low-surrogate
utf16 literal witnesses PRIMARY ATTEMPT utf16-literals/string-literals/es2015/extended-low-surrogate
utf16 literal witnesses EXACT x2 utf16-literals/string-literals/es2015/extended-low-surrogate
utf16 literal witnesses PRIMARY ATTEMPT utf16-literals/string-literals/es5/extended-supplementary-pair
utf16 literal witnesses PRIMARY ATTEMPT utf16-literals/string-literals/es5/extended-supplementary-pair
utf16 literal witnesses EXACT x2 utf16-literals/string-literals/es5/extended-supplementary-pair
utf16 literal witnesses PRIMARY ATTEMPT utf16-literals/string-literals/es2015/extended-supplementary-pair
utf16 literal witnesses PRIMARY ATTEMPT utf16-literals/string-literals/es2015/extended-supplementary-pair
utf16 literal witnesses EXACT x2 utf16-literals/string-literals/es2015/extended-supplementary-pair
utf16 literal witnesses PRIMARY ATTEMPT utf16-literals/string-literals/es5/extended-bmp
utf16 literal witnesses PRIMARY ATTEMPT utf16-literals/string-literals/es5/extended-bmp
utf16 literal witnesses EXACT x2 utf16-literals/string-literals/es5/extended-bmp
utf16 literal witnesses PRIMARY ATTEMPT utf16-literals/string-literals/es2015/extended-bmp
utf16 literal witnesses PRIMARY ATTEMPT utf16-literals/string-literals/es2015/extended-bmp
utf16 literal witnesses EXACT x2 utf16-literals/string-literals/es2015/extended-bmp
utf16 literal witnesses PRIMARY ATTEMPT utf16-literals/string-literals/es5/extended-ascii
utf16 literal witnesses PRIMARY ATTEMPT utf16-literals/string-literals/es5/extended-ascii
utf16 literal witnesses EXACT x2 utf16-literals/string-literals/es5/extended-ascii
utf16 literal witnesses PRIMARY ATTEMPT utf16-literals/string-literals/es2015/extended-ascii
utf16 literal witnesses PRIMARY ATTEMPT utf16-literals/string-literals/es2015/extended-ascii
utf16 literal witnesses EXACT x2 utf16-literals/string-literals/es2015/extended-ascii
utf16 literal witnesses PRIMARY ATTEMPT utf16-literals/string-literals/es5/short-escape-surrogate-control
utf16 literal witnesses PRIMARY ATTEMPT utf16-literals/string-literals/es5/short-escape-surrogate-control
utf16 literal witnesses EXACT x2 utf16-literals/string-literals/es5/short-escape-surrogate-control
utf16 literal witnesses PRIMARY ATTEMPT utf16-literals/string-literals/es2015/short-escape-surrogate-control
utf16 literal witnesses PRIMARY ATTEMPT utf16-literals/string-literals/es2015/short-escape-surrogate-control
utf16 literal witnesses EXACT x2 utf16-literals/string-literals/es2015/short-escape-surrogate-control
utf16 literal witnesses PRIMARY ATTEMPT utf16-literals/string-literals/es5/short-and-extended-mixed
utf16 literal witnesses PRIMARY ATTEMPT utf16-literals/string-literals/es5/short-and-extended-mixed
utf16 literal witnesses EXACT x2 utf16-literals/string-literals/es5/short-and-extended-mixed
utf16 literal witnesses PRIMARY ATTEMPT utf16-literals/string-literals/es2015/short-and-extended-mixed
utf16 literal witnesses PRIMARY ATTEMPT utf16-literals/string-literals/es2015/short-and-extended-mixed
utf16 literal witnesses EXACT x2 utf16-literals/string-literals/es2015/short-and-extended-mixed
utf16 literal witnesses PRIMARY ATTEMPT utf16-literals/string-literals/es5/real-replacement-character
utf16 literal witnesses PRIMARY ATTEMPT utf16-literals/string-literals/es5/real-replacement-character
utf16 literal witnesses EXACT x2 utf16-literals/string-literals/es5/real-replacement-character
utf16 literal witnesses PRIMARY ATTEMPT utf16-literals/string-literals/es2015/real-replacement-character
utf16 literal witnesses PRIMARY ATTEMPT utf16-literals/string-literals/es2015/real-replacement-character
utf16 literal witnesses EXACT x2 utf16-literals/string-literals/es2015/real-replacement-character
utf16 literal witnesses PRIMARY ATTEMPT utf16-literals/string-literals/es5/escaped-backslash-sequence
utf16 literal witnesses PRIMARY ATTEMPT utf16-literals/string-literals/es5/escaped-backslash-sequence
utf16 literal witnesses EXACT x2 utf16-literals/string-literals/es5/escaped-backslash-sequence
utf16 literal witnesses PRIMARY ATTEMPT utf16-literals/string-literals/es2015/escaped-backslash-sequence
utf16 literal witnesses PRIMARY ATTEMPT utf16-literals/string-literals/es2015/escaped-backslash-sequence
utf16 literal witnesses EXACT x2 utf16-literals/string-literals/es2015/escaped-backslash-sequence
utf16 literal witnesses PRIMARY ATTEMPT utf16-literals/string-literals/es5/single-quoted
utf16 literal witnesses PRIMARY ATTEMPT utf16-literals/string-literals/es5/single-quoted
utf16 literal witnesses EXACT x2 utf16-literals/string-literals/es5/single-quoted
utf16 literal witnesses PRIMARY ATTEMPT utf16-literals/string-literals/es2015/single-quoted
utf16 literal witnesses PRIMARY ATTEMPT utf16-literals/string-literals/es2015/single-quoted
utf16 literal witnesses EXACT x2 utf16-literals/string-literals/es2015/single-quoted
utf16 literal witnesses PRIMARY ATTEMPT utf16-literals/string-literals/es5/control-and-quote-escapes
utf16 literal witnesses PRIMARY ATTEMPT utf16-literals/string-literals/es5/control-and-quote-escapes
utf16 literal witnesses EXACT x2 utf16-literals/string-literals/es5/control-and-quote-escapes
utf16 literal witnesses PRIMARY ATTEMPT utf16-literals/string-literals/es2015/control-and-quote-escapes
utf16 literal witnesses PRIMARY ATTEMPT utf16-literals/string-literals/es2015/control-and-quote-escapes
utf16 literal witnesses EXACT x2 utf16-literals/string-literals/es2015/control-and-quote-escapes
utf16 literal witnesses PRIMARY ATTEMPT utf16-literals/string-literals/es5/null-before-digit
utf16 literal witnesses PRIMARY ATTEMPT utf16-literals/string-literals/es5/null-before-digit
utf16 literal witnesses EXACT x2 utf16-literals/string-literals/es5/null-before-digit
utf16 literal witnesses PRIMARY ATTEMPT utf16-literals/string-literals/es2015/null-before-digit
utf16 literal witnesses PRIMARY ATTEMPT utf16-literals/string-literals/es2015/null-before-digit
utf16 literal witnesses EXACT x2 utf16-literals/string-literals/es2015/null-before-digit
utf16 literal witnesses PRIMARY ATTEMPT utf16-literals/string-literals/es5/crlf-line-continuation
utf16 literal witnesses PRIMARY ATTEMPT utf16-literals/string-literals/es5/crlf-line-continuation
utf16 literal witnesses EXACT x2 utf16-literals/string-literals/es5/crlf-line-continuation
utf16 literal witnesses PRIMARY ATTEMPT utf16-literals/string-literals/es2015/crlf-line-continuation
utf16 literal witnesses PRIMARY ATTEMPT utf16-literals/string-literals/es2015/crlf-line-continuation
utf16 literal witnesses EXACT x2 utf16-literals/string-literals/es2015/crlf-line-continuation
utf16 literal witnesses PRIMARY ATTEMPT utf16-literals/string-literals/es5/class-member-names
utf16 literal witnesses PRIMARY ATTEMPT utf16-literals/string-literals/es5/class-member-names
utf16 literal witnesses EXACT x2 utf16-literals/string-literals/es5/class-member-names
utf16 literal witnesses PRIMARY ATTEMPT utf16-literals/string-literals/es2015/class-member-names
utf16 literal witnesses PRIMARY ATTEMPT utf16-literals/string-literals/es2015/class-member-names
utf16 literal witnesses EXACT x2 utf16-literals/string-literals/es2015/class-member-names
utf16 literal witnesses PRIMARY ATTEMPT utf16-literals/string-literals/es5/object-literal-names
utf16 literal witnesses PRIMARY ATTEMPT utf16-literals/string-literals/es5/object-literal-names
utf16 literal witnesses EXACT x2 utf16-literals/string-literals/es5/object-literal-names
utf16 literal witnesses PRIMARY ATTEMPT utf16-literals/string-literals/es2015/object-literal-names
utf16 literal witnesses PRIMARY ATTEMPT utf16-literals/string-literals/es2015/object-literal-names
utf16 literal witnesses EXACT x2 utf16-literals/string-literals/es2015/object-literal-names
utf16 literal witnesses PRIMARY ATTEMPT utf16-literals/string-literals/es5/export-specifier-name
utf16 literal witnesses PRIMARY ATTEMPT utf16-literals/string-literals/es5/export-specifier-name
utf16 literal witnesses EXACT x2 utf16-literals/string-literals/es5/export-specifier-name
utf16 literal witnesses PRIMARY ATTEMPT utf16-literals/string-literals/es2015/export-specifier-name
utf16 literal witnesses PRIMARY ATTEMPT utf16-literals/string-literals/es2015/export-specifier-name
utf16 literal witnesses EXACT x2 utf16-literals/string-literals/es2015/export-specifier-name
utf16 literal witnesses PRIMARY ATTEMPT utf16-literals/string-literals/es5/enum-member-names
utf16 literal witnesses PRIMARY ATTEMPT utf16-literals/string-literals/es5/enum-member-names
utf16 literal witnesses EXACT x2 utf16-literals/string-literals/es5/enum-member-names
utf16 literal witnesses PRIMARY ATTEMPT utf16-literals/string-literals/es2015/enum-member-names
utf16 literal witnesses PRIMARY ATTEMPT utf16-literals/string-literals/es2015/enum-member-names
utf16 literal witnesses EXACT x2 utf16-literals/string-literals/es2015/enum-member-names
utf16 literal witnesses PRIMARY ATTEMPT utf16-literals/string-literals/esnext/extended-high-surrogate
utf16 literal witnesses PRIMARY ATTEMPT utf16-literals/string-literals/esnext/extended-high-surrogate
utf16 literal witnesses EXACT x2 utf16-literals/string-literals/esnext/extended-high-surrogate
utf16 literal witnesses PRIMARY ATTEMPT utf16-literals/string-literals/esnext/extended-low-surrogate
utf16 literal witnesses PRIMARY ATTEMPT utf16-literals/string-literals/esnext/extended-low-surrogate
utf16 literal witnesses EXACT x2 utf16-literals/string-literals/esnext/extended-low-surrogate
utf16 literal witnesses PRIMARY ATTEMPT utf16-literals/template-literals/es5/no-substitution-high
utf16 literal witnesses PRIMARY ATTEMPT utf16-literals/template-literals/es5/no-substitution-high
utf16 literal witnesses EXACT x2 utf16-literals/template-literals/es5/no-substitution-high
utf16 literal witnesses PRIMARY ATTEMPT utf16-literals/template-literals/es2015/no-substitution-high
utf16 literal witnesses PRIMARY ATTEMPT utf16-literals/template-literals/es2015/no-substitution-high
utf16 literal witnesses EXACT x2 utf16-literals/template-literals/es2015/no-substitution-high
utf16 literal witnesses PRIMARY ATTEMPT utf16-literals/template-literals/es5/no-substitution-low
utf16 literal witnesses PRIMARY ATTEMPT utf16-literals/template-literals/es5/no-substitution-low
utf16 literal witnesses EXACT x2 utf16-literals/template-literals/es5/no-substitution-low
utf16 literal witnesses PRIMARY ATTEMPT utf16-literals/template-literals/es2015/no-substitution-low
utf16 literal witnesses PRIMARY ATTEMPT utf16-literals/template-literals/es2015/no-substitution-low
utf16 literal witnesses EXACT x2 utf16-literals/template-literals/es2015/no-substitution-low
utf16 literal witnesses PRIMARY ATTEMPT utf16-literals/template-literals/es5/head-middle-tail
utf16 literal witnesses PRIMARY ATTEMPT utf16-literals/template-literals/es5/head-middle-tail
utf16 literal witnesses EXACT x2 utf16-literals/template-literals/es5/head-middle-tail
utf16 literal witnesses PRIMARY ATTEMPT utf16-literals/template-literals/es2015/head-middle-tail
utf16 literal witnesses PRIMARY ATTEMPT utf16-literals/template-literals/es2015/head-middle-tail
utf16 literal witnesses EXACT x2 utf16-literals/template-literals/es2015/head-middle-tail
utf16 literal witnesses PRIMARY ATTEMPT utf16-literals/template-literals/es5/empty-tail
utf16 literal witnesses PRIMARY ATTEMPT utf16-literals/template-literals/es5/empty-tail
utf16 literal witnesses EXACT x2 utf16-literals/template-literals/es5/empty-tail
utf16 literal witnesses PRIMARY ATTEMPT utf16-literals/template-literals/es2015/empty-tail
utf16 literal witnesses PRIMARY ATTEMPT utf16-literals/template-literals/es2015/empty-tail
utf16 literal witnesses EXACT x2 utf16-literals/template-literals/es2015/empty-tail
utf16 literal witnesses PRIMARY ATTEMPT utf16-literals/template-literals/es5/short-escape-surrogate
utf16 literal witnesses PRIMARY ATTEMPT utf16-literals/template-literals/es5/short-escape-surrogate
utf16 literal witnesses EXACT x2 utf16-literals/template-literals/es5/short-escape-surrogate
utf16 literal witnesses PRIMARY ATTEMPT utf16-literals/template-literals/es2015/short-escape-surrogate
utf16 literal witnesses PRIMARY ATTEMPT utf16-literals/template-literals/es2015/short-escape-surrogate
utf16 literal witnesses EXACT x2 utf16-literals/template-literals/es2015/short-escape-surrogate
utf16 literal witnesses PRIMARY ATTEMPT utf16-literals/template-literals/es5/crlf-and-line-continuation
utf16 literal witnesses PRIMARY ATTEMPT utf16-literals/template-literals/es5/crlf-and-line-continuation
utf16 literal witnesses EXACT x2 utf16-literals/template-literals/es5/crlf-and-line-continuation
utf16 literal witnesses PRIMARY ATTEMPT utf16-literals/template-literals/es2015/crlf-and-line-continuation
utf16 literal witnesses PRIMARY ATTEMPT utf16-literals/template-literals/es2015/crlf-and-line-continuation
utf16 literal witnesses EXACT x2 utf16-literals/template-literals/es2015/crlf-and-line-continuation
utf16 literal witnesses PRIMARY ATTEMPT utf16-literals/template-literals/es5/backtick-dollar-backslash
utf16 literal witnesses PRIMARY ATTEMPT utf16-literals/template-literals/es5/backtick-dollar-backslash
utf16 literal witnesses EXACT x2 utf16-literals/template-literals/es5/backtick-dollar-backslash
utf16 literal witnesses PRIMARY ATTEMPT utf16-literals/template-literals/es2015/backtick-dollar-backslash
utf16 literal witnesses PRIMARY ATTEMPT utf16-literals/template-literals/es2015/backtick-dollar-backslash
utf16 literal witnesses EXACT x2 utf16-literals/template-literals/es2015/backtick-dollar-backslash
utf16 literal witnesses PRIMARY ATTEMPT utf16-literals/template-literals/es5/real-replacement-character
utf16 literal witnesses PRIMARY ATTEMPT utf16-literals/template-literals/es5/real-replacement-character
utf16 literal witnesses EXACT x2 utf16-literals/template-literals/es5/real-replacement-character
utf16 literal witnesses PRIMARY ATTEMPT utf16-literals/template-literals/es2015/real-replacement-character
utf16 literal witnesses PRIMARY ATTEMPT utf16-literals/template-literals/es2015/real-replacement-character
utf16 literal witnesses EXACT x2 utf16-literals/template-literals/es2015/real-replacement-character
utf16 literal witnesses PRIMARY ATTEMPT utf16-literals/template-literals/es5/tagged-cooked-and-raw
utf16 literal witnesses PRIMARY ATTEMPT utf16-literals/template-literals/es5/tagged-cooked-and-raw
utf16 literal witnesses EXACT x2 utf16-literals/template-literals/es5/tagged-cooked-and-raw
utf16 literal witnesses PRIMARY ATTEMPT utf16-literals/template-literals/es2015/tagged-cooked-and-raw
utf16 literal witnesses PRIMARY ATTEMPT utf16-literals/template-literals/es2015/tagged-cooked-and-raw
utf16 literal witnesses EXACT x2 utf16-literals/template-literals/es2015/tagged-cooked-and-raw
utf16 literal witnesses PRIMARY ATTEMPT utf16-literals/template-literals/es5/tagged-no-substitution
utf16 literal witnesses PRIMARY ATTEMPT utf16-literals/template-literals/es5/tagged-no-substitution
utf16 literal witnesses EXACT x2 utf16-literals/template-literals/es5/tagged-no-substitution
utf16 literal witnesses PRIMARY ATTEMPT utf16-literals/template-literals/es2015/tagged-no-substitution
utf16 literal witnesses PRIMARY ATTEMPT utf16-literals/template-literals/es2015/tagged-no-substitution
utf16 literal witnesses EXACT x2 utf16-literals/template-literals/es2015/tagged-no-substitution
utf16 literal witnesses PRIMARY ATTEMPT utf16-literals/template-literals/es5/template-literal-type-control
utf16 literal witnesses PRIMARY ATTEMPT utf16-literals/template-literals/es5/template-literal-type-control
utf16 literal witnesses EXACT x2 utf16-literals/template-literals/es5/template-literal-type-control
utf16 literal witnesses PRIMARY ATTEMPT utf16-literals/template-literals/es2015/template-literal-type-control
utf16 literal witnesses PRIMARY ATTEMPT utf16-literals/template-literals/es2015/template-literal-type-control
utf16 literal witnesses EXACT x2 utf16-literals/template-literals/es2015/template-literal-type-control
utf16 literal witnesses PRIMARY ATTEMPT utf16-literals/template-literals/es5/tagged-invalid-cooked
utf16 literal witnesses PRIMARY ATTEMPT utf16-literals/template-literals/es5/tagged-invalid-cooked
utf16 literal witnesses EXACT x2 utf16-literals/template-literals/es5/tagged-invalid-cooked
utf16 literal witnesses PRIMARY ATTEMPT utf16-literals/template-literals/esnext/no-substitution-high
utf16 literal witnesses PRIMARY ATTEMPT utf16-literals/template-literals/esnext/no-substitution-high
utf16 literal witnesses EXACT x2 utf16-literals/template-literals/esnext/no-substitution-high
utf16 literal witnesses PRIMARY ATTEMPT utf16-literals/template-literals/esnext/head-middle-tail
utf16 literal witnesses PRIMARY ATTEMPT utf16-literals/template-literals/esnext/head-middle-tail
utf16 literal witnesses EXACT x2 utf16-literals/template-literals/esnext/head-middle-tail
utf16 literal witnesses PRIMARY ATTEMPT utf16-literals/template-literals/esnext/tagged-cooked-and-raw
utf16 literal witnesses PRIMARY ATTEMPT utf16-literals/template-literals/esnext/tagged-cooked-and-raw
utf16 literal witnesses EXACT x2 utf16-literals/template-literals/esnext/tagged-cooked-and-raw
utf16 literal witnesses PRIMARY ATTEMPT utf16-literals/bundle-prologues/es5/dedupe
utf16 literal witnesses PRIMARY ATTEMPT utf16-literals/bundle-prologues/es5/dedupe
utf16 literal witnesses EXACT x2 utf16-literals/bundle-prologues/es5/dedupe
utf16 literal witnesses PRIMARY ATTEMPT utf16-literals/bundle-prologues/es2015/dedupe
utf16 literal witnesses PRIMARY ATTEMPT utf16-literals/bundle-prologues/es2015/dedupe
utf16 literal witnesses EXACT x2 utf16-literals/bundle-prologues/es2015/dedupe
ok

test result: ok. 1 passed; 0 failed; 0 ignored; 0 measured; 9 filtered out; finished in 57.98s

