node:internal/modules/run_main:107
    triggerUncaughtException(
    ^

AssertionError [ERR_ASSERTION]: Expected values to be strictly deep-equal:
+ actual - expected

  [
+   '--write'
-   '--check'
  ]

    at file:///Users/hiramatsu/dev/tsc-rs-compiler-declaration-witness-ci/scripts/observe-declaration-comment-commands.mjs:11:8
    at ModuleJob.run (node:internal/modules/esm/module_job:413:25)
    at async onImport.tracePromise.__proto__ (node:internal/modules/esm/loader:654:26)
    at async asyncRunEntryPointWithESMLoader (node:internal/modules/run_main:101:5) {
  generatedMessage: true,
  code: 'ERR_ASSERTION',
  actual: [ '--write' ],
  expected: [ '--check' ],
  operator: 'deepStrictEqual',
  diff: 'simple'
}

Node.js v25.2.1
