...............test result: ok. 0 passed; 0 failed;
test result: ok. 1 passed; 0 failed;
test result: ok. 1 passed; 0 failed;
test result: ok. 1 passed; 0 failed;
test result: ok. 1 passed; 0 failed;
test result: ok. 1 passed; 0 failed;
test result: ok. 1 passed; 0 failed;test result: ok. 1 passed; 0 failed;
test result: ok. 1 passed; 0 failed;
test result: ok. 1 passed; 0 failed;
test result: ok. 1 passed; 0 failed;
test result: ok. 1 passed; 0 failed;
test result: ok. 1 passed; 0 failed;test result: ok. 1 passed; 0 failed;
test result: ok. 1 passed; 0 failed;
test result: ok. 1 passed; 0 failed;
test result: ok. 1 passed; 0 failed;
test result: ok. 1 passed; 0 failed;
test result: ok. 1 passed; 0 failed;
test result: ok. 1 passed; 0 failed;test result: ok. 1 passed; 0 failed;
test result: ok. 1 passed; 0 failed;
test result: ok. 1 passed; 0 failed;
test result: ok. 1 passed; 0 failed;
test result: ok. 1 passed; 0 failed;
test result: ok. 1 passed; 0 failed;
test result: ok. 1 passed; 0 failed;...test result: ok. 56 passed; 0 failed; 0 ignored; 0 measured; 0 filtered out;
test result: ok. 11 passed; 0 failed; 0 ignored; 0 measured; 0 filtered out;{"resolution_cache": {"families": 26, "generations": 112, "requests": 197}, "contract_tests": 11, "program_unit_tests": 56, "observer_seconds": 0.0, "cargo_build_and_replay_seconds": 0.0}
test result: ok. 56 passed; 0 failed; 0 ignored; 0 measured; 0 filtered out;test result: ok. 56 passed; 0 failed; 0 ignored; 0 measured; 0 filtered out;
test result: ok. 0 passed; 0 failed; 0 ignored; 0 measured; 0 filtered out;test result: ok. 56 passed; 0 failed; 1 ignored; 0 measured; 0 filtered out;
test result: ok. 11 passed; 0 failed; 0 ignored; 0 measured; 0 filtered out;test result: ok. 56 passed; 0 failed; 0 ignored; 0 measured; 1 filtered out;
test result: ok. 11 passed; 0 failed; 0 ignored; 0 measured; 0 filtered out;.....usage: python3.14 -m unittest [-h] [--case ID_SUBSTRING | --all] [--list]
                              [--dry-run]
                              {primary,extra,followup,followup2,followup3,retained,direct,printer,bundle-sinks,declaration-map-cli,compact-body-comments,literal-parent-provenance,literal-value-provenance,string-literal-identifier-source,utf16-literal-escaping,class-header-token-metadata,comma-argument-factory,ellipsis-comment-metadata,import-type-attributes,mapped-type-members,token-comment-phase-metadata,declaration-specifiers,declaration-comments,jsdoc-return,parameter-temporaries,transpile-routes,utf16-identity-recovery,utf16-review-fix,utf16-tagged-template,utf16-literal-witnesses,utf16-original-commands,resolution-cache}
python3.14 -m unittest: error: choose --case or --all; use --list to inspect IDs
usage: python3.14 -m unittest [-h] [--case ID_SUBSTRING | --all] [--list]
                              [--dry-run]
                              {primary,extra,followup,followup2,followup3,retained,direct,printer,bundle-sinks,declaration-map-cli,compact-body-comments,literal-parent-provenance,literal-value-provenance,string-literal-identifier-source,utf16-literal-escaping,class-header-token-metadata,comma-argument-factory,ellipsis-comment-metadata,import-type-attributes,mapped-type-members,token-comment-phase-metadata,declaration-specifiers,declaration-comments,jsdoc-return,parameter-temporaries,transpile-routes,utf16-identity-recovery,utf16-review-fix,utf16-tagged-template,utf16-literal-witnesses,utf16-original-commands,resolution-cache}
python3.14 -m unittest: error: selection matched no cases
usage: python3.14 -m unittest [-h] [--case ID_SUBSTRING | --all] [--list]
                              [--dry-run]
                              {primary,extra,followup,followup2,followup3,retained,direct,printer,bundle-sinks,declaration-map-cli,compact-body-comments,literal-parent-provenance,literal-value-provenance,string-literal-identifier-source,utf16-literal-escaping,class-header-token-metadata,comma-argument-factory,ellipsis-comment-metadata,import-type-attributes,mapped-type-members,token-comment-phase-metadata,declaration-specifiers,declaration-comments,jsdoc-return,parameter-temporaries,transpile-routes,utf16-identity-recovery,utf16-review-fix,utf16-tagged-template,utf16-literal-witnesses,utf16-original-commands,resolution-cache}
python3.14 -m unittest: error: direct controls run together; use --all
usage: python3.14 -m unittest [-h] [--case ID_SUBSTRING | --all] [--list]
                              [--dry-run]
                              {primary,extra,followup,followup2,followup3,retained,direct,printer,bundle-sinks,declaration-map-cli,compact-body-comments,literal-parent-provenance,literal-value-provenance,string-literal-identifier-source,utf16-literal-escaping,class-header-token-metadata,comma-argument-factory,ellipsis-comment-metadata,import-type-attributes,mapped-type-members,token-comment-phase-metadata,declaration-specifiers,declaration-comments,jsdoc-return,parameter-temporaries,transpile-routes,utf16-identity-recovery,utf16-review-fix,utf16-tagged-template,utf16-literal-witnesses,utf16-original-commands,resolution-cache}
python3.14 -m unittest: error: printer failure controls run together; use --all (142 small direct rows)
usage: python3.14 -m unittest [-h] [--case ID_SUBSTRING | --all] [--list]
                              [--dry-run]
                              {primary,extra,followup,followup2,followup3,retained,direct,printer,bundle-sinks,declaration-map-cli,compact-body-comments,literal-parent-provenance,literal-value-provenance,string-literal-identifier-source,utf16-literal-escaping,class-header-token-metadata,comma-argument-factory,ellipsis-comment-metadata,import-type-attributes,mapped-type-members,token-comment-phase-metadata,declaration-specifiers,declaration-comments,jsdoc-return,parameter-temporaries,transpile-routes,utf16-identity-recovery,utf16-review-fix,utf16-tagged-template,utf16-literal-witnesses,utf16-original-commands,resolution-cache}
python3.14 -m unittest: error: choose --case or --all; use --list to inspect IDs
usage: python3.14 -m unittest [-h] [--case ID_SUBSTRING | --all] [--list]
                              [--dry-run]
                              {primary,extra,followup,followup2,followup3,retained,direct,printer,bundle-sinks,declaration-map-cli,compact-body-comments,literal-parent-provenance,literal-value-provenance,string-literal-identifier-source,utf16-literal-escaping,class-header-token-metadata,comma-argument-factory,ellipsis-comment-metadata,import-type-attributes,mapped-type-members,token-comment-phase-metadata,declaration-specifiers,declaration-comments,jsdoc-return,parameter-temporaries,transpile-routes,utf16-identity-recovery,utf16-review-fix,utf16-tagged-template,utf16-literal-witnesses,utf16-original-commands,resolution-cache}
python3.14 -m unittest: error: declaration map CLI controls run together; use --all (8 CLI cases)
usage: python3.14 -m unittest [-h] [--case ID_SUBSTRING | --all] [--list]
                              [--dry-run]
                              {primary,extra,followup,followup2,followup3,retained,direct,printer,bundle-sinks,declaration-map-cli,compact-body-comments,literal-parent-provenance,literal-value-provenance,string-literal-identifier-source,utf16-literal-escaping,class-header-token-metadata,comma-argument-factory,ellipsis-comment-metadata,import-type-attributes,mapped-type-members,token-comment-phase-metadata,declaration-specifiers,declaration-comments,jsdoc-return,parameter-temporaries,transpile-routes,utf16-identity-recovery,utf16-review-fix,utf16-tagged-template,utf16-literal-witnesses,utf16-original-commands,resolution-cache}
python3.14 -m unittest: error: choose --case or --all; use --list to inspect IDs
usage: python3.14 -m unittest [-h] [--case ID_SUBSTRING | --all] [--list]
                              [--dry-run]
                              {primary,extra,followup,followup2,followup3,retained,direct,printer,bundle-sinks,declaration-map-cli,compact-body-comments,literal-parent-provenance,literal-value-provenance,string-literal-identifier-source,utf16-literal-escaping,class-header-token-metadata,comma-argument-factory,ellipsis-comment-metadata,import-type-attributes,mapped-type-members,token-comment-phase-metadata,declaration-specifiers,declaration-comments,jsdoc-return,parameter-temporaries,transpile-routes,utf16-identity-recovery,utf16-review-fix,utf16-tagged-template,utf16-literal-witnesses,utf16-original-commands,resolution-cache}
python3.14 -m unittest: error: literal-value-provenance: small direct target runs together; use --all
usage: python3.14 -m unittest [-h] [--case ID_SUBSTRING | --all] [--list]
                              [--dry-run]
                              {primary,extra,followup,followup2,followup3,retained,direct,printer,bundle-sinks,declaration-map-cli,compact-body-comments,literal-parent-provenance,literal-value-provenance,string-literal-identifier-source,utf16-literal-escaping,class-header-token-metadata,comma-argument-factory,ellipsis-comment-metadata,import-type-attributes,mapped-type-members,token-comment-phase-metadata,declaration-specifiers,declaration-comments,jsdoc-return,parameter-temporaries,transpile-routes,utf16-identity-recovery,utf16-review-fix,utf16-tagged-template,utf16-literal-witnesses,utf16-original-commands,resolution-cache}
python3.14 -m unittest: error: choose --case or --all; use --list to inspect IDs
usage: python3.14 -m unittest [-h] [--case ID_SUBSTRING | --all] [--list]
                              [--dry-run]
                              {primary,extra,followup,followup2,followup3,retained,direct,printer,bundle-sinks,declaration-map-cli,compact-body-comments,literal-parent-provenance,literal-value-provenance,string-literal-identifier-source,utf16-literal-escaping,class-header-token-metadata,comma-argument-factory,ellipsis-comment-metadata,import-type-attributes,mapped-type-members,token-comment-phase-metadata,declaration-specifiers,declaration-comments,jsdoc-return,parameter-temporaries,transpile-routes,utf16-identity-recovery,utf16-review-fix,utf16-tagged-template,utf16-literal-witnesses,utf16-original-commands,resolution-cache}
python3.14 -m unittest: error: declaration-specifiers: compiler target runs together; use --all
usage: python3.14 -m unittest [-h] [--case ID_SUBSTRING | --all] [--list]
                              [--dry-run]
                              {primary,extra,followup,followup2,followup3,retained,direct,printer,bundle-sinks,declaration-map-cli,compact-body-comments,literal-parent-provenance,literal-value-provenance,string-literal-identifier-source,utf16-literal-escaping,class-header-token-metadata,comma-argument-factory,ellipsis-comment-metadata,import-type-attributes,mapped-type-members,token-comment-phase-metadata,declaration-specifiers,declaration-comments,jsdoc-return,parameter-temporaries,transpile-routes,utf16-identity-recovery,utf16-review-fix,utf16-tagged-template,utf16-literal-witnesses,utf16-original-commands,resolution-cache}
python3.14 -m unittest: error: choose --case or --all; use --list to inspect IDs
usage: python3.14 -m unittest [-h] [--case ID_SUBSTRING | --all] [--list]
                              [--dry-run]
                              {primary,extra,followup,followup2,followup3,retained,direct,printer,bundle-sinks,declaration-map-cli,compact-body-comments,literal-parent-provenance,literal-value-provenance,string-literal-identifier-source,utf16-literal-escaping,class-header-token-metadata,comma-argument-factory,ellipsis-comment-metadata,import-type-attributes,mapped-type-members,token-comment-phase-metadata,declaration-specifiers,declaration-comments,jsdoc-return,parameter-temporaries,transpile-routes,utf16-identity-recovery,utf16-review-fix,utf16-tagged-template,utf16-literal-witnesses,utf16-original-commands,resolution-cache}
python3.14 -m unittest: error: declaration-comments: compiler target runs together; use --all
usage: python3.14 -m unittest [-h] [--case ID_SUBSTRING | --all] [--list]
                              [--dry-run]
                              {primary,extra,followup,followup2,followup3,retained,direct,printer,bundle-sinks,declaration-map-cli,compact-body-comments,literal-parent-provenance,literal-value-provenance,string-literal-identifier-source,utf16-literal-escaping,class-header-token-metadata,comma-argument-factory,ellipsis-comment-metadata,import-type-attributes,mapped-type-members,token-comment-phase-metadata,declaration-specifiers,declaration-comments,jsdoc-return,parameter-temporaries,transpile-routes,utf16-identity-recovery,utf16-review-fix,utf16-tagged-template,utf16-literal-witnesses,utf16-original-commands,resolution-cache}
python3.14 -m unittest: error: choose --case or --all; use --list to inspect IDs
usage: python3.14 -m unittest [-h] [--case ID_SUBSTRING | --all] [--list]
                              [--dry-run]
                              {primary,extra,followup,followup2,followup3,retained,direct,printer,bundle-sinks,declaration-map-cli,compact-body-comments,literal-parent-provenance,literal-value-provenance,string-literal-identifier-source,utf16-literal-escaping,class-header-token-metadata,comma-argument-factory,ellipsis-comment-metadata,import-type-attributes,mapped-type-members,token-comment-phase-metadata,declaration-specifiers,declaration-comments,jsdoc-return,parameter-temporaries,transpile-routes,utf16-identity-recovery,utf16-review-fix,utf16-tagged-template,utf16-literal-witnesses,utf16-original-commands,resolution-cache}
python3.14 -m unittest: error: jsdoc-return: compiler target runs together; use --all
usage: python3.14 -m unittest [-h] [--case ID_SUBSTRING | --all] [--list]
                              [--dry-run]
                              {primary,extra,followup,followup2,followup3,retained,direct,printer,bundle-sinks,declaration-map-cli,compact-body-comments,literal-parent-provenance,literal-value-provenance,string-literal-identifier-source,utf16-literal-escaping,class-header-token-metadata,comma-argument-factory,ellipsis-comment-metadata,import-type-attributes,mapped-type-members,token-comment-phase-metadata,declaration-specifiers,declaration-comments,jsdoc-return,parameter-temporaries,transpile-routes,utf16-identity-recovery,utf16-review-fix,utf16-tagged-template,utf16-literal-witnesses,utf16-original-commands,resolution-cache}
python3.14 -m unittest: error: choose --case or --all; use --list to inspect IDs
usage: python3.14 -m unittest [-h] [--case ID_SUBSTRING | --all] [--list]
                              [--dry-run]
                              {primary,extra,followup,followup2,followup3,retained,direct,printer,bundle-sinks,declaration-map-cli,compact-body-comments,literal-parent-provenance,literal-value-provenance,string-literal-identifier-source,utf16-literal-escaping,class-header-token-metadata,comma-argument-factory,ellipsis-comment-metadata,import-type-attributes,mapped-type-members,token-comment-phase-metadata,declaration-specifiers,declaration-comments,jsdoc-return,parameter-temporaries,transpile-routes,utf16-identity-recovery,utf16-review-fix,utf16-tagged-template,utf16-literal-witnesses,utf16-original-commands,resolution-cache}
python3.14 -m unittest: error: parameter-temporaries: compiler target runs together; use --all
usage: python3.14 -m unittest [-h] [--case ID_SUBSTRING | --all] [--list]
                              [--dry-run]
                              {primary,extra,followup,followup2,followup3,retained,direct,printer,bundle-sinks,declaration-map-cli,compact-body-comments,literal-parent-provenance,literal-value-provenance,string-literal-identifier-source,utf16-literal-escaping,class-header-token-metadata,comma-argument-factory,ellipsis-comment-metadata,import-type-attributes,mapped-type-members,token-comment-phase-metadata,declaration-specifiers,declaration-comments,jsdoc-return,parameter-temporaries,transpile-routes,utf16-identity-recovery,utf16-review-fix,utf16-tagged-template,utf16-literal-witnesses,utf16-original-commands,resolution-cache}
python3.14 -m unittest: error: choose --case or --all; use --list to inspect IDs
usage: python3.14 -m unittest [-h] [--case ID_SUBSTRING | --all] [--list]
                              [--dry-run]
                              {primary,extra,followup,followup2,followup3,retained,direct,printer,bundle-sinks,declaration-map-cli,compact-body-comments,literal-parent-provenance,literal-value-provenance,string-literal-identifier-source,utf16-literal-escaping,class-header-token-metadata,comma-argument-factory,ellipsis-comment-metadata,import-type-attributes,mapped-type-members,token-comment-phase-metadata,declaration-specifiers,declaration-comments,jsdoc-return,parameter-temporaries,transpile-routes,utf16-identity-recovery,utf16-review-fix,utf16-tagged-template,utf16-literal-witnesses,utf16-original-commands,resolution-cache}
python3.14 -m unittest: error: transpile-routes: compiler target runs together; use --all
usage: python3.14 -m unittest [-h] [--case ID_SUBSTRING | --all] [--list]
                              [--dry-run]
                              {primary,extra,followup,followup2,followup3,retained,direct,printer,bundle-sinks,declaration-map-cli,compact-body-comments,literal-parent-provenance,literal-value-provenance,string-literal-identifier-source,utf16-literal-escaping,class-header-token-metadata,comma-argument-factory,ellipsis-comment-metadata,import-type-attributes,mapped-type-members,token-comment-phase-metadata,declaration-specifiers,declaration-comments,jsdoc-return,parameter-temporaries,transpile-routes,utf16-identity-recovery,utf16-review-fix,utf16-tagged-template,utf16-literal-witnesses,utf16-original-commands,resolution-cache}
python3.14 -m unittest: error: choose --case or --all; use --list to inspect IDs
usage: python3.14 -m unittest [-h] [--case ID_SUBSTRING | --all] [--list]
                              [--dry-run]
                              {primary,extra,followup,followup2,followup3,retained,direct,printer,bundle-sinks,declaration-map-cli,compact-body-comments,literal-parent-provenance,literal-value-provenance,string-literal-identifier-source,utf16-literal-escaping,class-header-token-metadata,comma-argument-factory,ellipsis-comment-metadata,import-type-attributes,mapped-type-members,token-comment-phase-metadata,declaration-specifiers,declaration-comments,jsdoc-return,parameter-temporaries,transpile-routes,utf16-identity-recovery,utf16-review-fix,utf16-tagged-template,utf16-literal-witnesses,utf16-original-commands,resolution-cache}
python3.14 -m unittest: error: utf16-identity-recovery: compiler target runs together; use --all
usage: python3.14 -m unittest [-h] [--case ID_SUBSTRING | --all] [--list]
                              [--dry-run]
                              {primary,extra,followup,followup2,followup3,retained,direct,printer,bundle-sinks,declaration-map-cli,compact-body-comments,literal-parent-provenance,literal-value-provenance,string-literal-identifier-source,utf16-literal-escaping,class-header-token-metadata,comma-argument-factory,ellipsis-comment-metadata,import-type-attributes,mapped-type-members,token-comment-phase-metadata,declaration-specifiers,declaration-comments,jsdoc-return,parameter-temporaries,transpile-routes,utf16-identity-recovery,utf16-review-fix,utf16-tagged-template,utf16-literal-witnesses,utf16-original-commands,resolution-cache}
python3.14 -m unittest: error: choose --case or --all; use --list to inspect IDs
usage: python3.14 -m unittest [-h] [--case ID_SUBSTRING | --all] [--list]
                              [--dry-run]
                              {primary,extra,followup,followup2,followup3,retained,direct,printer,bundle-sinks,declaration-map-cli,compact-body-comments,literal-parent-provenance,literal-value-provenance,string-literal-identifier-source,utf16-literal-escaping,class-header-token-metadata,comma-argument-factory,ellipsis-comment-metadata,import-type-attributes,mapped-type-members,token-comment-phase-metadata,declaration-specifiers,declaration-comments,jsdoc-return,parameter-temporaries,transpile-routes,utf16-identity-recovery,utf16-review-fix,utf16-tagged-template,utf16-literal-witnesses,utf16-original-commands,resolution-cache}
python3.14 -m unittest: error: utf16-review-fix: compiler target runs together; use --all
usage: python3.14 -m unittest [-h] [--case ID_SUBSTRING | --all] [--list]
                              [--dry-run]
                              {primary,extra,followup,followup2,followup3,retained,direct,printer,bundle-sinks,declaration-map-cli,compact-body-comments,literal-parent-provenance,literal-value-provenance,string-literal-identifier-source,utf16-literal-escaping,class-header-token-metadata,comma-argument-factory,ellipsis-comment-metadata,import-type-attributes,mapped-type-members,token-comment-phase-metadata,declaration-specifiers,declaration-comments,jsdoc-return,parameter-temporaries,transpile-routes,utf16-identity-recovery,utf16-review-fix,utf16-tagged-template,utf16-literal-witnesses,utf16-original-commands,resolution-cache}
python3.14 -m unittest: error: choose --case or --all; use --list to inspect IDs
usage: python3.14 -m unittest [-h] [--case ID_SUBSTRING | --all] [--list]
                              [--dry-run]
                              {primary,extra,followup,followup2,followup3,retained,direct,printer,bundle-sinks,declaration-map-cli,compact-body-comments,literal-parent-provenance,literal-value-provenance,string-literal-identifier-source,utf16-literal-escaping,class-header-token-metadata,comma-argument-factory,ellipsis-comment-metadata,import-type-attributes,mapped-type-members,token-comment-phase-metadata,declaration-specifiers,declaration-comments,jsdoc-return,parameter-temporaries,transpile-routes,utf16-identity-recovery,utf16-review-fix,utf16-tagged-template,utf16-literal-witnesses,utf16-original-commands,resolution-cache}
python3.14 -m unittest: error: utf16-tagged-template: compiler target runs together; use --all
usage: python3.14 -m unittest [-h] [--case ID_SUBSTRING | --all] [--list]
                              [--dry-run]
                              {primary,extra,followup,followup2,followup3,retained,direct,printer,bundle-sinks,declaration-map-cli,compact-body-comments,literal-parent-provenance,literal-value-provenance,string-literal-identifier-source,utf16-literal-escaping,class-header-token-metadata,comma-argument-factory,ellipsis-comment-metadata,import-type-attributes,mapped-type-members,token-comment-phase-metadata,declaration-specifiers,declaration-comments,jsdoc-return,parameter-temporaries,transpile-routes,utf16-identity-recovery,utf16-review-fix,utf16-tagged-template,utf16-literal-witnesses,utf16-original-commands,resolution-cache}
python3.14 -m unittest: error: choose --case or --all; use --list to inspect IDs
usage: python3.14 -m unittest [-h] [--case ID_SUBSTRING | --all] [--list]
                              [--dry-run]
                              {primary,extra,followup,followup2,followup3,retained,direct,printer,bundle-sinks,declaration-map-cli,compact-body-comments,literal-parent-provenance,literal-value-provenance,string-literal-identifier-source,utf16-literal-escaping,class-header-token-metadata,comma-argument-factory,ellipsis-comment-metadata,import-type-attributes,mapped-type-members,token-comment-phase-metadata,declaration-specifiers,declaration-comments,jsdoc-return,parameter-temporaries,transpile-routes,utf16-identity-recovery,utf16-review-fix,utf16-tagged-template,utf16-literal-witnesses,utf16-original-commands,resolution-cache}
python3.14 -m unittest: error: utf16-literal-witnesses: compiler target runs together; use --all
usage: python3.14 -m unittest [-h] [--case ID_SUBSTRING | --all] [--list]
                              [--dry-run]
                              {primary,extra,followup,followup2,followup3,retained,direct,printer,bundle-sinks,declaration-map-cli,compact-body-comments,literal-parent-provenance,literal-value-provenance,string-literal-identifier-source,utf16-literal-escaping,class-header-token-metadata,comma-argument-factory,ellipsis-comment-metadata,import-type-attributes,mapped-type-members,token-comment-phase-metadata,declaration-specifiers,declaration-comments,jsdoc-return,parameter-temporaries,transpile-routes,utf16-identity-recovery,utf16-review-fix,utf16-tagged-template,utf16-literal-witnesses,utf16-original-commands,resolution-cache}
python3.14 -m unittest: error: choose --case or --all; use --list to inspect IDs
usage: python3.14 -m unittest [-h] [--case ID_SUBSTRING | --all] [--list]
                              [--dry-run]
                              {primary,extra,followup,followup2,followup3,retained,direct,printer,bundle-sinks,declaration-map-cli,compact-body-comments,literal-parent-provenance,literal-value-provenance,string-literal-identifier-source,utf16-literal-escaping,class-header-token-metadata,comma-argument-factory,ellipsis-comment-metadata,import-type-attributes,mapped-type-members,token-comment-phase-metadata,declaration-specifiers,declaration-comments,jsdoc-return,parameter-temporaries,transpile-routes,utf16-identity-recovery,utf16-review-fix,utf16-tagged-template,utf16-literal-witnesses,utf16-original-commands,resolution-cache}
python3.14 -m unittest: error: utf16-original-commands: compiler target runs together; use --all
..declaration-specifiers: selected 30 input cases
h2-8a-declaration-specifiers/declaration-specifiers/wildcard-base-url
h2-8a-declaration-specifiers/declaration-specifiers/exact-base-url
h2-8a-declaration-specifiers/declaration-specifiers/without-base-url
h2-8a-declaration-specifiers/declaration-specifiers/empty-paths-control
h2-8a-declaration-specifiers/declaration-specifiers/absolute-target
h2-8a-declaration-specifiers/declaration-specifiers/dot-segment-target
h2-8a-declaration-specifiers/declaration-specifiers/second-substitution
h2-8a-declaration-specifiers/declaration-specifiers/mapping-order-z-first
h2-8a-declaration-specifiers/declaration-specifiers/mapping-order-a-first
h2-8a-declaration-specifiers/declaration-specifiers/project-internal-control
h2-8a-declaration-specifiers/declaration-specifiers/separate-package-scopes
h2-8a-declaration-specifiers/declaration-specifiers/same-package-control
h2-8a-declaration-specifiers/declaration-specifiers/inherited-paths-origin
h2-8a-declaration-specifiers/declaration-specifiers/overridden-paths-origin
h2-8a-declaration-specifiers/declaration-specifiers/empty-override-control
h2-8a-declaration-specifiers/declaration-specifiers/root-dirs-virtual-relative
h2-8a-declaration-specifiers/declaration-specifiers/root-dirs-absent-control
h2-8a-declaration-specifiers/declaration-specifiers/declaration-map
h2-8a-declaration-specifiers/declaration-specifiers/declaration-only
h2-8a-declaration-specifiers/declaration-specifiers/no-emit-on-error-control
h2-8a-declaration-specifiers/declaration-specifiers/base-url-only
h2-8a-declaration-specifiers/declaration-specifiers/unmatched-path-control
h2-8a-declaration-specifiers/declaration-specifiers/direct-program-with-paths
h2-8a-declaration-specifiers/declaration-specifiers/direct-program-paths-origin
h2-8a-declaration-specifiers-composition/declaration-specifiers-composition/valid-project-internal-control
h2-8a-declaration-specifiers-composition/declaration-specifiers-composition/valid-separate-package-scopes
h2-8a-declaration-specifiers-composition/declaration-specifiers-composition/valid-same-package-control
h2-8a-declaration-specifiers-composition/declaration-specifiers-composition/bundle-relative-paths
h2-8a-declaration-specifiers-composition/declaration-specifiers-composition/bundle-absolute-paths
h2-8a-declaration-specifiers-composition/declaration-specifiers-composition/bundle-no-paths-control
declaration-specifiers: selected 30 input cases
env cargo test --manifest-path crates/compiler/Cargo.toml --test h2_8a_declaration_specifiers focused_declaration_specifiers_match_complete_commands -- --exact composition_declaration_specifiers_match_complete_commands --nocapture --test-threads=1
node scripts/observe-h2-8a-declaration-specifiers.mjs declaration-specifiers --check
node scripts/observe-h2-8a-declaration-specifiers-composition.mjs declaration-specifiers-composition --check
declaration-comments: selected 41 input cases
declaration-comment-ranges/declaration-comment-range/module-exports
declaration-comment-ranges/declaration-comment-range/exports-property
declaration-comment-ranges/declaration-comment-range/module-exports-property
declaration-comment-ranges/declaration-comment-range/ordinary-property
declaration-comment-ranges/declaration-comment-range/variable
declaration-comment-ranges/declaration-comment-range/function-declaration
declaration-comment-ranges/declaration-comment-range/prototype-dot
declaration-comment-ranges/declaration-comment-range/prototype-element
declaration-comment-ranges/declaration-comment-range/static-method
declaration-comment-ranges/declaration-comment-range/this-property
declaration-comment-ranges/declaration-comment-range/ordinary-method
declaration-comment-ranges/declaration-comment-range/prototype-parenthesized
declaration-comment-ranges/declaration-comment-range/remove-comments
declaration-comment-ranges/declaration-comment-range/declaration-only
declaration-comment-ranges/declaration-comment-range/lf-bom-listings
declaration-comment-ranges/declaration-comment-range/esnext
declaration-comment-ranges/declaration-comment-range/blocked-semantic
declaration-comment-detached-prefixes/declaration-comment-detached-prefix/module-header
declaration-comment-detached-prefixes/declaration-comment-detached-prefix/exports-header
declaration-comment-detached-prefixes/declaration-comment-detached-prefix/variable-expando
declaration-comment-detached-prefixes/declaration-comment-detached-prefix/function-expando
declaration-comment-detached-prefixes/declaration-comment-detached-prefix/class-header
declaration-comment-detached-prefixes/declaration-comment-detached-prefix/plain-variable
declaration-comment-detached-prefixes/declaration-comment-detached-prefix/erased-interface
declaration-comment-detached-prefixes/declaration-comment-detached-prefix/typedef-separated
declaration-comment-detached-prefixes/declaration-comment-detached-prefix/removed-header
declaration-comment-detached-prefixes/declaration-comment-detached-prefix/pinned-header
declaration-comment-detached-prefixes/declaration-comment-detached-prefix/comment-only
declaration-comment-detached-prefixes/declaration-comment-detached-prefix/prologue-header
declaration-comment-parameter-tags/declaration-comment-parameter-tags/binding-object
declaration-comment-parameter-tags/declaration-comment-parameter-tags/binding-array
declaration-comment-parameter-tags/declaration-comment-parameter-tags/binding-index
declaration-comment-parameter-tags/declaration-comment-parameter-tags/qualified-tag-negative
declaration-comment-parameter-tags/declaration-comment-parameter-tags/missing-name
declaration-comment-parameter-tags/declaration-comment-parameter-tags/last-block
declaration-comment-parameter-tags/declaration-comment-parameter-tags/first-typed
declaration-comment-parameter-tags/declaration-comment-parameter-tags/type-tag-precedence
declaration-comment-parameter-tags/declaration-comment-parameter-tags/inline-function
declaration-comment-parameter-tags/declaration-comment-parameter-tags/untyped
declaration-comment-parameter-tags/declaration-comment-parameter-tags/ts-direct-type
declaration-comment-parameter-tags/declaration-comment-parameter-tags/parenthesized-function
declaration-comments: selected 41 input cases
env cargo test --manifest-path crates/compiler/Cargo.toml --test h2_8a_declaration_comment_ranges declaration_comment_range_focused_complete_commands -- --exact declaration_comment_detached_prefix_complete_commands declaration_comment_parameter_tags_complete_commands --nocapture --test-threads=1
node scripts/observe-declaration-comment-commands.mjs --check
jsdoc-return: selected 58 input cases
h2-8a-jsdoc-return/r1-original-d-string
h2-8a-jsdoc-return/r1-original-e-template-intersection
h2-8a-jsdoc-return/r1-returns-alias
h2-8a-jsdoc-return/r1-body-star-without-annotation
h2-8a-jsdoc-return/r1-plain-body-without-annotation
h2-8a-jsdoc-return/r2-exports-property
h2-8a-jsdoc-return/r2-variable-initializer
h2-8a-jsdoc-return/r2-function-declaration
h2-8a-jsdoc-return/r2-arrow-expression-body
h2-8a-jsdoc-return/r2-parenthesized-function
h2-8a-jsdoc-return/r2-prototype-method
h2-8a-jsdoc-return/r2-ordinary-property
h2-8a-jsdoc-return/r2-object-literal-method
h2-8a-jsdoc-return/r2-property-assignment-function
h2-8a-jsdoc-return/r2-class-method
h2-8a-jsdoc-return/r3-inner-tag-before-outer
h2-8a-jsdoc-return/r3-last-block-owns-tags
h2-8a-jsdoc-return/r3-last-block-owns-tags-declaration
h2-8a-jsdoc-return/r3-untyped-return-tag
h2-8a-jsdoc-return/r3-untyped-then-typed-return-tags
h2-8a-jsdoc-return/r3-return-tag-over-callable-type-tag
h2-8a-jsdoc-return/r3-callable-type-tag-only
h2-8a-jsdoc-return/r3-sibling-jsdoc-not-inherited
h2-8a-jsdoc-return/r3-type-assertion-parenthesized-owner
h2-8a-jsdoc-return/r4-template-constraint-default
h2-8a-jsdoc-return/r4-template-shadows-typedef
h2-8a-jsdoc-return/r4-typedef-return
h2-8a-jsdoc-return/r4-import-type-return
h2-8a-jsdoc-return/r4-same-name-template-two-sources
h2-8a-jsdoc-return/r5-literal-annotation
h2-8a-jsdoc-return/r5-union-annotation
h2-8a-jsdoc-return/r5-callable-type-literal
h2-8a-jsdoc-return/r5-jsdoc-function-type
h2-8a-jsdoc-return/r5-async-promise
h2-8a-jsdoc-return/r5-generator
h2-8a-jsdoc-return/r5-async-generator-without-annotation
h2-8a-jsdoc-return/r5-single-return-without-annotation
h2-8a-jsdoc-return/r5-multiple-returns-without-annotation
h2-8a-jsdoc-return/r6-ts-direct-type-ignores-jsdoc
h2-8a-jsdoc-return/r6-accessor-pair
h2-8a-jsdoc-return/r6-jsdoc-construct-signature
h2-8a-jsdoc-return/r6-annotation-body-mismatch
h2-8a-jsdoc-return/r6-unresolved-annotation
h2-8a-jsdoc-return/r6-asserted-returns-semantic-fallback
h2-8a-jsdoc-return/r6-asserted-await-returns-semantic-fallback
h2-8a-jsdoc-return/r7-allowjs-without-checkjs
h2-8a-jsdoc-return/r7-emit-declaration-only
h2-8a-jsdoc-return/r7-noemitonerror-blocked
h2-8a-jsdoc-return/r7-noemit-with-declaration
h2-8a-jsdoc-return/r7-declaration-map
h2-8a-jsdoc-return/r7-remove-comments
h2-8a-jsdoc-return/r8-lone-surrogate-escape-literal
h2-8a-jsdoc-return/r8-astral-pair-literal
h2-8a-jsdoc-return/r8-replacement-character-literal
h2-8a-jsdoc-return/r8-g4a-function-parameter-and-return
h2-8a-jsdoc-return/r8-g4b-class-method-owned-comment
h2-8a-jsdoc-return/r8-detached-prefix-with-return
h2-8a-jsdoc-return/r8-parameter-tag-binding-with-return
jsdoc-return: selected 58 input cases
env cargo test --manifest-path crates/compiler/Cargo.toml --test h2_8a_jsdoc_return jsdoc_return_controls_match_complete_commands_twice -- --exact --nocapture --test-threads=1
node scripts/observe-h2-8a-jsdoc-return.mjs --check
parameter-temporaries: selected 68 input cases
h2-5h-parameter-temporaries/typescript-6.0.3/conformance/expressions/nullishCoalescingOperator/nullishCoalescingOperatorInParameterBindingPattern.ts#target%3Des5
h2-5h-parameter-temporaries/typescript-6.0.3/conformance/expressions/nullishCoalescingOperator/nullishCoalescingOperatorInParameterInitializer.ts#target%3Des5
h2-5h-parameter-temporaries/typescript-6.0.3/conformance/expressions/optionalChaining/optionalChainingInParameterBindingPattern.ts#target%3Des5
h2-5h-parameter-temporaries/typescript-6.0.3/conformance/expressions/optionalChaining/optionalChainingInParameterInitializer.ts#target%3Des5
h2-5h-parameter-temporaries/typescript-6.0.3/conformance/expressions/nullishCoalescingOperator/nullishCoalescingOperatorInParameterBindingPattern.ts#target%3Des2015
h2-5h-parameter-temporaries/typescript-6.0.3/conformance/expressions/nullishCoalescingOperator/nullishCoalescingOperatorInParameterBindingPattern.ts#target%3Desnext
h2-5h-parameter-temporaries/typescript-6.0.3/conformance/expressions/nullishCoalescingOperator/nullishCoalescingOperatorInParameterInitializer.ts#target%3Des2015
h2-5h-parameter-temporaries/typescript-6.0.3/conformance/expressions/nullishCoalescingOperator/nullishCoalescingOperatorInParameterInitializer.ts#target%3Desnext
h2-5h-parameter-temporaries/typescript-6.0.3/conformance/expressions/optionalChaining/optionalChainingInParameterBindingPattern.ts#target%3Des2015
h2-5h-parameter-temporaries/typescript-6.0.3/conformance/expressions/optionalChaining/optionalChainingInParameterBindingPattern.ts#target%3Desnext
h2-5h-parameter-temporaries/typescript-6.0.3/conformance/expressions/optionalChaining/optionalChainingInParameterInitializer.ts#target%3Des2015
h2-5h-parameter-temporaries/typescript-6.0.3/conformance/expressions/optionalChaining/optionalChainingInParameterInitializer.ts#target%3Desnext
h2-5h-parameter-temporaries/parameter-temporaries/simple-nullish/es5
h2-5h-parameter-temporaries/parameter-temporaries/simple-nullish/es2015
h2-5h-parameter-temporaries/parameter-temporaries/call-nullish/es5
h2-5h-parameter-temporaries/parameter-temporaries/call-nullish/es2015
h2-5h-parameter-temporaries/parameter-temporaries/simple-optional/es5
h2-5h-parameter-temporaries/parameter-temporaries/simple-optional/es2015
h2-5h-parameter-temporaries/parameter-temporaries/optional-call-receiver/es5
h2-5h-parameter-temporaries/parameter-temporaries/optional-call-receiver/es2015
h2-5h-parameter-temporaries/parameter-temporaries/optional-chain-receiver/es5
h2-5h-parameter-temporaries/parameter-temporaries/optional-chain-receiver/es2015
h2-5h-parameter-temporaries/parameter-temporaries/pattern-default-computed/es5
h2-5h-parameter-temporaries/parameter-temporaries/pattern-default-computed/es2015
h2-5h-parameter-temporaries/parameter-temporaries/multiple-rest/es5
h2-5h-parameter-temporaries/parameter-temporaries/multiple-rest/es2015
h2-5h-parameter-temporaries/parameter-temporaries/empty-pattern/es5
h2-5h-parameter-temporaries/parameter-temporaries/empty-pattern/es2015
h2-5h-parameter-temporaries/parameter-temporaries/arrow-concise-body/es5
h2-5h-parameter-temporaries/parameter-temporaries/arrow-concise-body/es2015
h2-5h-parameter-temporaries/parameter-temporaries/arrow-block-body/es5
h2-5h-parameter-temporaries/parameter-temporaries/arrow-block-body/es2015
h2-5h-parameter-temporaries/parameter-temporaries/nested-functions/es5
h2-5h-parameter-temporaries/parameter-temporaries/nested-functions/es2015
h2-5h-parameter-temporaries/parameter-temporaries/function-expression-collision/es5
h2-5h-parameter-temporaries/parameter-temporaries/function-expression-collision/es2015
h2-5h-parameter-temporaries/parameter-temporaries/object-method/es5
h2-5h-parameter-temporaries/parameter-temporaries/object-method/es2015
h2-5h-parameter-temporaries/parameter-temporaries/class-method/es5
h2-5h-parameter-temporaries/parameter-temporaries/class-method/es2015
h2-5h-parameter-temporaries/parameter-temporaries/nested-parameter-function/es5
h2-5h-parameter-temporaries/parameter-temporaries/nested-parameter-function/es2015
h2-5h-parameter-temporaries/parameter-temporaries/exponentiation-assignment/es5
h2-5h-parameter-temporaries/parameter-temporaries/exponentiation-assignment/es2015
h2-5h-parameter-temporaries/parameter-temporaries/logical-nullish-assignment/es5
h2-5h-parameter-temporaries/parameter-temporaries/logical-nullish-assignment/es2020
h2-5h-parameter-temporaries/parameter-temporaries/logical-and-assignment/es5
h2-5h-parameter-temporaries/parameter-temporaries/logical-and-assignment/es2020
h2-5h-parameter-temporaries/parameter-temporaries/logical-or-assignment/es5
h2-5h-parameter-temporaries/parameter-temporaries/logical-or-assignment/es2020
h2-5h-parameter-temporaries/parameter-temporaries/optional-target-boundary/es2019
h2-5h-parameter-temporaries/parameter-temporaries/optional-target-boundary/es2020
h2-5h-parameter-temporaries/parameter-temporaries/nullish-target-boundary/es2019
h2-5h-parameter-temporaries/parameter-temporaries/nullish-target-boundary/es2020
h2-5h-parameter-temporaries/parameter-temporaries/comments-lf/es5
h2-5h-parameter-temporaries/parameter-temporaries/comments-lf/es2015
h2-5h-parameter-temporaries/parameter-temporaries/comments-crlf/es5
h2-5h-parameter-temporaries/parameter-temporaries/comments-crlf/es2015
h2-5h-parameter-temporaries/parameter-temporaries/comments-removed/es5
h2-5h-parameter-temporaries/parameter-temporaries/comments-removed/es2015
h2-5h-parameter-temporaries/parameter-temporaries/source-map/es5
h2-5h-parameter-temporaries/parameter-temporaries/source-map/es2015
h2-5h-parameter-temporaries/parameter-temporaries/bom/es5
h2-5h-parameter-temporaries/parameter-temporaries/bom/es2015
h2-5h-parameter-temporaries/parameter-temporaries/no-emit/es5
h2-5h-parameter-temporaries/parameter-temporaries/no-emit/es2015
h2-5h-parameter-temporaries/parameter-temporaries/no-emit-on-error/es5
h2-5h-parameter-temporaries/parameter-temporaries/no-emit-on-error/es2015
parameter-temporaries: selected 68 input cases
env cargo test --manifest-path crates/compiler/Cargo.toml --test h2_5h_parameter_temporaries -- --nocapture --test-threads=1
node scripts/observe-h2-5h-parameter-temporaries.mjs --check
transpile-routes: selected 301 input cases
inputs.v1/h2-8c/transpile-js/inventory/declarationAsyncAndGeneratorFunctions.ts~default~module~declarationAsyncAndGeneratorFunctions.ts
inputs.v1/h2-8c/transpile-dts/inventory/declarationAsyncAndGeneratorFunctions.ts~default~declaration~declarationAsyncAndGeneratorFunctions.ts
inputs.v1/h2-8c/transpile-js/inventory/declarationBasicSyntax.ts~declarationMap=true~module~variables.ts
inputs.v1/h2-8c/transpile-js/inventory/declarationBasicSyntax.ts~declarationMap=true~module~interface.ts
inputs.v1/h2-8c/transpile-js/inventory/declarationBasicSyntax.ts~declarationMap=true~module~class.ts
inputs.v1/h2-8c/transpile-js/inventory/declarationBasicSyntax.ts~declarationMap=true~module~namespace.ts
inputs.v1/h2-8c/transpile-js/inventory/declarationBasicSyntax.ts~declarationMap=true~module~alias.ts
inputs.v1/h2-8c/transpile-dts/inventory/declarationBasicSyntax.ts~declarationMap=true~declaration~variables.ts
inputs.v1/h2-8c/transpile-dts/inventory/declarationBasicSyntax.ts~declarationMap=true~declaration~interface.ts
inputs.v1/h2-8c/transpile-dts/inventory/declarationBasicSyntax.ts~declarationMap=true~declaration~class.ts
inputs.v1/h2-8c/transpile-dts/inventory/declarationBasicSyntax.ts~declarationMap=true~declaration~namespace.ts
inputs.v1/h2-8c/transpile-dts/inventory/declarationBasicSyntax.ts~declarationMap=true~declaration~alias.ts
inputs.v1/h2-8c/transpile-js/inventory/declarationBasicSyntax.ts~declarationMap=false~module~variables.ts
inputs.v1/h2-8c/transpile-js/inventory/declarationBasicSyntax.ts~declarationMap=false~module~interface.ts
inputs.v1/h2-8c/transpile-js/inventory/declarationBasicSyntax.ts~declarationMap=false~module~class.ts
inputs.v1/h2-8c/transpile-js/inventory/declarationBasicSyntax.ts~declarationMap=false~module~namespace.ts
inputs.v1/h2-8c/transpile-js/inventory/declarationBasicSyntax.ts~declarationMap=false~module~alias.ts
inputs.v1/h2-8c/transpile-dts/inventory/declarationBasicSyntax.ts~declarationMap=false~declaration~variables.ts
inputs.v1/h2-8c/transpile-dts/inventory/declarationBasicSyntax.ts~declarationMap=false~declaration~interface.ts
inputs.v1/h2-8c/transpile-dts/inventory/declarationBasicSyntax.ts~declarationMap=false~declaration~class.ts
inputs.v1/h2-8c/transpile-dts/inventory/declarationBasicSyntax.ts~declarationMap=false~declaration~namespace.ts
inputs.v1/h2-8c/transpile-dts/inventory/declarationBasicSyntax.ts~declarationMap=false~declaration~alias.ts
inputs.v1/h2-8c/transpile-dts/inventory/declarationComputedPropertyNames.ts~default~declaration~declarationComputedPropertyNames.ts
inputs.v1/h2-8c/transpile-js/inventory/declarationCrossFileInferences.ts~default~module~defines.ts
inputs.v1/h2-8c/transpile-js/inventory/declarationCrossFileInferences.ts~default~module~consumes.ts
inputs.v1/h2-8c/transpile-js/inventory/declarationCrossFileInferences.ts~default~module~exposes.ts
inputs.v1/h2-8c/transpile-dts/inventory/declarationCrossFileInferences.ts~default~declaration~defines.ts
inputs.v1/h2-8c/transpile-dts/inventory/declarationCrossFileInferences.ts~default~declaration~consumes.ts
inputs.v1/h2-8c/transpile-dts/inventory/declarationCrossFileInferences.ts~default~declaration~exposes.ts
inputs.v1/h2-8c/transpile-dts/inventory/declarationEmitPartialNodeReuse.ts~default~declaration~a.ts
inputs.v1/h2-8c/transpile-dts/inventory/declarationEmitPartialNodeReuse.ts~default~declaration~b.ts
inputs.v1/h2-8c/transpile-dts/inventory/declarationEmitPartialNodeReuse.ts~default~declaration~c.ts
inputs.v1/h2-8c/transpile-js/inventory/declarationFunctionDeclarations.ts~default~module~fnDecl.ts
inputs.v1/h2-8c/transpile-dts/inventory/declarationFunctionDeclarations.ts~default~declaration~fnDecl.ts
inputs.v1/h2-8c/transpile-js/inventory/declarationLinkedAliases.ts~default~module~declarationLinkedAliases.ts
inputs.v1/h2-8c/transpile-dts/inventory/declarationLinkedAliases.ts~default~declaration~declarationLinkedAliases.ts
inputs.v1/h2-8c/transpile-js/inventory/declarationLocalAliasOfImportAlias.ts~default~module~declarationLocalAliasOfImportAlias.ts
inputs.v1/h2-8c/transpile-dts/inventory/declarationLocalAliasOfImportAlias.ts~default~declaration~declarationLocalAliasOfImportAlias.ts
inputs.v1/h2-8c/transpile-js/inventory/declarationNotInScopeTypes.ts~default~module~variables.ts
inputs.v1/h2-8c/transpile-dts/inventory/declarationNotInScopeTypes.ts~default~declaration~variables.ts
inputs.v1/h2-8c/transpile-dts/inventory/declarationPartialNodeReuseTypeOf.ts~default~declaration~a.ts
inputs.v1/h2-8c/transpile-dts/inventory/declarationPartialNodeReuseTypeOf.ts~default~declaration~b.ts
inputs.v1/h2-8c/transpile-dts/inventory/declarationPartialNodeReuseTypeOf.ts~default~declaration~c.ts
inputs.v1/h2-8c/transpile-dts/inventory/declarationRestParameters.ts~default~declaration~v1.ts
inputs.v1/h2-8c/transpile-dts/inventory/declarationRestParameters.ts~default~declaration~v2.ts
inputs.v1/h2-8c/transpile-dts/inventory/declarationSelfReferentialConstraint.ts~default~declaration~declarationSelfReferentialConstraint.ts
inputs.v1/h2-8c/transpile-js/inventory/declarationSingleFileHasErrors.ts~default~module~declarationSingleFileHasErrors.ts
inputs.v1/h2-8c/transpile-dts/inventory/declarationSingleFileHasErrors.ts~default~declaration~declarationSingleFileHasErrors.ts
inputs.v1/h2-8c/transpile-js/inventory/declarationSingleFileHasErrorsReported.ts~default~module~declarationSingleFileHasErrorsReported.ts
inputs.v1/h2-8c/transpile-dts/inventory/declarationSingleFileHasErrorsReported.ts~default~declaration~declarationSingleFileHasErrorsReported.ts
inputs.v1/h2-8c/transpile-js/inventory/declarationTypeParameterConstraint.ts~default~module~declarationTypeParameterConstraint.ts
inputs.v1/h2-8c/transpile-dts/inventory/declarationTypeParameterConstraint.ts~default~declaration~declarationTypeParameterConstraint.ts
inputs.v1/h2-8c/transpile-dts/inventory/declarationTypeWithComputedName.ts~default~declaration~declarationTypeWithComputedName.ts
inputs.v1/h2-8c/transpile-dts/inventory/declarationUnresolvedGlobalReferencesNoErrors.ts~default~declaration~declarationUnresolvedGlobalReferencesNoErrors.ts
inputs.v1/h2-8c/transpile-dts/inventory/declarationUnresolvedTypeReference.ts~default~declaration~declarationUnresolvedTypeReference.ts
inputs.v1/h2-8c/transpile-dts/inventory/declarationUnresolvedTypeReference2.ts~default~declaration~globals.ts
inputs.v1/h2-8c/transpile-dts/inventory/declarationUnresolvedTypeReference2.ts~default~declaration~index.ts
inputs.v1/h2-8c/transpile-js/inventory/declarationsSimple.ts~default~module~declarationsSimple.ts
inputs.v1/h2-8c/transpile-dts/inventory/declarationsSimple.ts~default~declaration~declarationsSimple.ts
inputs.v1/h2-8c/transpile-js/inventory/jsWithInlineSourceMapBasic.ts~inlineSourceMap=true~module~variables.ts
inputs.v1/h2-8c/transpile-js/inventory/jsWithInlineSourceMapBasic.ts~inlineSourceMap=true~module~interface.ts
inputs.v1/h2-8c/transpile-js/inventory/jsWithInlineSourceMapBasic.ts~inlineSourceMap=true~module~class.ts
inputs.v1/h2-8c/transpile-js/inventory/jsWithInlineSourceMapBasic.ts~inlineSourceMap=true~module~namespace.ts
inputs.v1/h2-8c/transpile-js/inventory/jsWithInlineSourceMapBasic.ts~inlineSourceMap=true~module~alias.ts
inputs.v1/h2-8c/transpile-js/inventory/jsWithInlineSourceMapBasic.ts~inlineSourceMap=false~module~variables.ts
inputs.v1/h2-8c/transpile-js/inventory/jsWithInlineSourceMapBasic.ts~inlineSourceMap=false~module~interface.ts
inputs.v1/h2-8c/transpile-js/inventory/jsWithInlineSourceMapBasic.ts~inlineSourceMap=false~module~class.ts
inputs.v1/h2-8c/transpile-js/inventory/jsWithInlineSourceMapBasic.ts~inlineSourceMap=false~module~namespace.ts
inputs.v1/h2-8c/transpile-js/inventory/jsWithInlineSourceMapBasic.ts~inlineSourceMap=false~module~alias.ts
inputs.v1/h2-8c/transpile-js/inventory/jsWithSourceMapBasic.ts~sourceMap=true~module~variables.ts
inputs.v1/h2-8c/transpile-js/inventory/jsWithSourceMapBasic.ts~sourceMap=true~module~interface.ts
inputs.v1/h2-8c/transpile-js/inventory/jsWithSourceMapBasic.ts~sourceMap=true~module~class.ts
inputs.v1/h2-8c/transpile-js/inventory/jsWithSourceMapBasic.ts~sourceMap=true~module~namespace.ts
inputs.v1/h2-8c/transpile-js/inventory/jsWithSourceMapBasic.ts~sourceMap=true~module~alias.ts
inputs.v1/h2-8c/transpile-js/inventory/jsWithSourceMapBasic.ts~sourceMap=false~module~variables.ts
inputs.v1/h2-8c/transpile-js/inventory/jsWithSourceMapBasic.ts~sourceMap=false~module~interface.ts
inputs.v1/h2-8c/transpile-js/inventory/jsWithSourceMapBasic.ts~sourceMap=false~module~class.ts
inputs.v1/h2-8c/transpile-js/inventory/jsWithSourceMapBasic.ts~sourceMap=false~module~namespace.ts
inputs.v1/h2-8c/transpile-js/inventory/jsWithSourceMapBasic.ts~sourceMap=false~module~alias.ts
inputs.v1/h2-8c/transpile-js/empty/no-input
inputs.v1/h2-8c/transpile-js/empty/whitespace-only
inputs.v1/h2-8c/transpile-js/kinds/ts-basic
inputs.v1/h2-8c/transpile-js/kinds/tsx-jsx-react
inputs.v1/h2-8c/transpile-js/kinds/tsx-jsx-preserve-default
inputs.v1/h2-8c/transpile-js/kinds/js-input
inputs.v1/h2-8c/transpile-js/kinds/js-input-jsx
inputs.v1/h2-8c/transpile-js/filename/absent
inputs.v1/h2-8c/transpile-js/filename/explicit-nested
inputs.v1/h2-8c/transpile-js/filename/nonstandard-extension
inputs.v1/h2-8c/transpile-js/filename/declaration-input-throws
inputs.v1/h2-8c/transpile-js/filename/mts
inputs.v1/h2-8c/transpile-js/filename/cts
inputs.v1/h2-8c/transpile-js/filename/json-input
inputs.v1/h2-8c/transpile-js/module-name/amd
inputs.v1/h2-8c/transpile-js/module-name/system
inputs.v1/h2-8c/transpile-js/module-name/commonjs-ignored
inputs.v1/h2-8c/transpile-js/renamed/commonjs
inputs.v1/h2-8c/transpile-js/renamed/esnext
inputs.v1/h2-8c/transpile-js/jsdoc/parse-none
inputs.v1/h2-8c/transpile-js/diag/syntax-error-report-on
inputs.v1/h2-8c/transpile-js/diag/syntax-error-report-off
inputs.v1/h2-8c/transpile-js/diag/syntax-error-report-absent
inputs.v1/h2-8c/transpile-js/diag/option-invalid-enum-string
inputs.v1/h2-8c/transpile-js/diag/option-invalid-enum-number
inputs.v1/h2-8c/transpile-js/diag/option-invalid-enum-report-off
inputs.v1/h2-8c/transpile-js/diag/option-conflict-verbatim-commonjs
inputs.v1/h2-8c/transpile-js/diag/option-conflict-maps
inputs.v1/h2-8c/transpile-js/diag/semantic-only-error
inputs.v1/h2-8c/transpile-js/diag/clean-report-on
inputs.v1/h2-8c/transpile-js/diag/target-es5-deprecated-report-on
inputs.v1/h2-8c/transpile-js/diag/target-es5-ignore-deprecations
inputs.v1/h2-8c/transpile-js/diag/isolated-modules-reexport-type
inputs.v1/h2-8c/transpile-js/modules/import-elision
inputs.v1/h2-8c/transpile-js/modules/import-elision-esnext
inputs.v1/h2-8c/transpile-js/modules/import-elision-verbatim
inputs.v1/h2-8c/transpile-js/modules/export-star-and-default
inputs.v1/h2-8c/transpile-js/modules/export-equals
inputs.v1/h2-8c/transpile-js/modules/dynamic-import-es5
inputs.v1/h2-8c/transpile-js/modules/type-only-export
inputs.v1/h2-8c/transpile-js/modules/script-no-exports
inputs.v1/h2-8c/transpile-js/lang/enum-namespace
inputs.v1/h2-8c/transpile-js/lang/enum-namespace-es5
inputs.v1/h2-8c/transpile-js/lang/decorators-experimental
inputs.v1/h2-8c/transpile-js/lang/decorators-experimental-metadata
inputs.v1/h2-8c/transpile-js/lang/decorators-standard-es2022
inputs.v1/h2-8c/transpile-js/lang/decorators-standard-esnext
inputs.v1/h2-8c/transpile-js/lang/class-fields-es5
inputs.v1/h2-8c/transpile-js/lang/class-fields-es2015
inputs.v1/h2-8c/transpile-js/lang/class-fields-es2017
inputs.v1/h2-8c/transpile-js/lang/class-fields-es2021
inputs.v1/h2-8c/transpile-js/lang/class-fields-es2022
inputs.v1/h2-8c/transpile-js/lang/class-fields-esnext
inputs.v1/h2-8c/transpile-js/lang/class-fields-es2022-no-define
inputs.v1/h2-8c/transpile-js/lang/es5-flags
inputs.v1/h2-8c/transpile-js/lang/es2015-flags
inputs.v1/h2-8c/transpile-js/lang/es2017-flags
inputs.v1/h2-8c/transpile-js/lang/generators-es5
inputs.v1/h2-8c/transpile-js/lang/object-rest-es2017
inputs.v1/h2-8c/transpile-js/lang/optional-chaining-es2019
inputs.v1/h2-8c/transpile-js/lang/using-es2022
inputs.v1/h2-8c/transpile-js/lang/private-in-es2020
inputs.v1/h2-8c/transpile-js/lang/import-helpers
inputs.v1/h2-8c/transpile-js/maps/source-map
inputs.v1/h2-8c/transpile-js/maps/inline-source-map
inputs.v1/h2-8c/transpile-js/maps/inline-sources
inputs.v1/h2-8c/transpile-js/maps/source-map-nested-filename
inputs.v1/h2-8c/transpile-js/maps/declaration-map-forced-off
inputs.v1/h2-8c/transpile-js/text/crlf
inputs.v1/h2-8c/transpile-js/text/crlf-newline-option
inputs.v1/h2-8c/transpile-js/text/unicode
inputs.v1/h2-8c/transpile-js/text/bom
inputs.v1/h2-8c/transpile-js/text/shebang-and-prologue
inputs.v1/h2-8c/transpile-js/options/target-string
inputs.v1/h2-8c/transpile-js/options/module-string-case
inputs.v1/h2-8c/transpile-js/options/unknown-option
inputs.v1/h2-8c/transpile-js/options/no-emit-forced-off
inputs.v1/h2-8c/transpile-js/options/no-emit-on-error-forced-off
inputs.v1/h2-8c/transpile-js/options/declaration-forced-off
inputs.v1/h2-8c/transpile-js/options/out-file-forced-off
inputs.v1/h2-8c/transpile-js/options/no-check-false-forced-true
inputs.v1/h2-8c/transpile-js/options/isolated-modules-false-forced-true
inputs.v1/h2-8c/transpile-js/options/lib-forced-off
inputs.v1/h2-8c/transpile-js/options/no-lib-false-forced-true
inputs.v1/h2-8c/transpile-js/options/remove-comments
inputs.v1/h2-8c/transpile-js/options/preserve-const-enums-false
inputs.v1/h2-8c/transpile-js/options/emit-bom
inputs.v1/h2-8c/transpile-js/options/module-detection-force
inputs.v1/h2-8c/transpile-js/options/jsx-factory
inputs.v1/h2-8c/transpile-js/options/jsx-react-jsx
inputs.v1/h2-8c/transpile-js/options/jsx-react-jsxdev-import-source
inputs.v1/h2-8c/transpile-js/repeat/first
inputs.v1/h2-8c/transpile-js/repeat/second
inputs.v1/h2-8c/transpile-js/filename/extensionless
inputs.v1/h2-8c/transpile-js/filename/nonstandard-extension-source-map
inputs.v1/h2-8c/transpile-js/module-name/amd-with-imports
inputs.v1/h2-8c/transpile-js/module-name/umd
inputs.v1/h2-8c/transpile-js/module-name/empty-string-ignored
inputs.v1/h2-8c/transpile-js/module-name/pragma-overridden
inputs.v1/h2-8c/transpile-js/renamed/amd
inputs.v1/h2-8c/transpile-js/renamed/system
inputs.v1/h2-8c/transpile-js/renamed/umd
inputs.v1/h2-8c/transpile-js/renamed/dynamic-import
inputs.v1/h2-8c/transpile-js/renamed/dynamic-import-system
inputs.v1/h2-8c/transpile-js/renamed/export-from
inputs.v1/h2-8c/transpile-js/renamed/type-only-elided
inputs.v1/h2-8c/transpile-js/jsdoc/parse-none-js
inputs.v1/h2-8c/transpile-js/jsdoc/parse-for-type-info-ts
inputs.v1/h2-8c/transpile-dts/empty/no-input
inputs.v1/h2-8c/transpile-dts/basic/exports
inputs.v1/h2-8c/transpile-dts/basic/script-globals
inputs.v1/h2-8c/transpile-dts/diag/isolated-inference-error
inputs.v1/h2-8c/transpile-dts/diag/isolated-inference-error-report-off
inputs.v1/h2-8c/transpile-dts/diag/isolated-inference-error-report-absent
inputs.v1/h2-8c/transpile-dts/diag/syntax-error-report-on
inputs.v1/h2-8c/transpile-dts/diag/semantic-only-error
inputs.v1/h2-8c/transpile-dts/diag/option-invalid-enum-string
inputs.v1/h2-8c/transpile-dts/diag/option-conflict-verbatim-commonjs
inputs.v1/h2-8c/transpile-dts/maps/declaration-map
inputs.v1/h2-8c/transpile-dts/maps/declaration-map-nested-filename
inputs.v1/h2-8c/transpile-dts/maps/source-map-ignored
inputs.v1/h2-8c/transpile-dts/kinds/js-input
inputs.v1/h2-8c/transpile-dts/kinds/js-input-allow-js
inputs.v1/h2-8c/transpile-dts/kinds/tsx
inputs.v1/h2-8c/transpile-dts/filename/absent
inputs.v1/h2-8c/transpile-dts/filename/nonstandard-extension
inputs.v1/h2-8c/transpile-dts/filename/declaration-input-throws
inputs.v1/h2-8c/transpile-dts/filename/mts
inputs.v1/h2-8c/transpile-dts/globals/barebones-lib
inputs.v1/h2-8c/transpile-dts/modules/imports
inputs.v1/h2-8c/transpile-dts/modules/export-star-and-default
inputs.v1/h2-8c/transpile-dts/modules/import-type-and-typeof
inputs.v1/h2-8c/transpile-dts/lang/enum-namespace
inputs.v1/h2-8c/transpile-dts/lang/class-fields
inputs.v1/h2-8c/transpile-dts/lang/class-heritage-and-accessors
inputs.v1/h2-8c/transpile-dts/lang/decorators
inputs.v1/h2-8c/transpile-dts/lang/overloads-and-generics
inputs.v1/h2-8c/transpile-dts/lang/const-assertions
inputs.v1/h2-8c/transpile-dts/lang/expando-function
inputs.v1/h2-8c/transpile-dts/text/crlf
inputs.v1/h2-8c/transpile-dts/text/crlf-newline-option
inputs.v1/h2-8c/transpile-dts/text/unicode
inputs.v1/h2-8c/transpile-dts/text/comments
inputs.v1/h2-8c/transpile-dts/options/strip-internal
inputs.v1/h2-8c/transpile-dts/options/remove-comments
inputs.v1/h2-8c/transpile-dts/options/declaration-false-forced-true
inputs.v1/h2-8c/transpile-dts/options/no-lib-true-forced-false
inputs.v1/h2-8c/transpile-dts/options/no-check-false-forced-true
inputs.v1/h2-8c/transpile-dts/options/unknown-option
inputs.v1/h2-8c/transpile-dts/repeat/first
inputs.v1/h2-8c/transpile-dts/repeat/second
inputs.v1/h2-8c/transpile-dts/filename/extensionless
inputs.v1/h2-8c/transpile-dts/module-name/dts-ignored
inputs.v1/h2-8c/transpile-dts/renamed/dts-ignored
inputs.v1/h2-8c/transpile-dts/jsdoc/parse-none-js-dts
inputs.v1/h2-8c/transpile-dts/jsdoc/parse-all-js-dts
inputs.v1/h2-8c/transpile-dts/jsdoc/parse-for-type-errors-ts
inputs.v1/h2-8c/program-no-check/semantic-error/emits
inputs.v1/h2-8c/program-no-check/semantic-error/control-checked
inputs.v1/h2-8c/program-no-check/semantic-error/control-checked-absent
inputs.v1/h2-8c/program-no-check/syntax-error/still-emits
inputs.v1/h2-8c/program-no-check/no-emit-on-error/semantic
inputs.v1/h2-8c/program-no-check/no-emit-on-error/syntax
inputs.v1/h2-8c/program-no-check/no-emit-on-error/declaration-error
inputs.v1/h2-8c/program-no-check/no-emit/plain
inputs.v1/h2-8c/program-no-check/no-emit/declaration-getter
inputs.v1/h2-8c/program-no-check/declaration/clean
inputs.v1/h2-8c/program-no-check/declaration/inferred-types
inputs.v1/h2-8c/program-no-check/declaration/declaration-error-blocks-dts
inputs.v1/h2-8c/program-no-check/declaration/declaration-map
inputs.v1/h2-8c/program-no-check/isolated-declarations/error
inputs.v1/h2-8c/program-no-check/isolated-declarations/clean
inputs.v1/h2-8c/program-no-check/js-declaration/allow-js
inputs.v1/h2-8c/program-no-check/js-declaration/check-js-error
inputs.v1/h2-8c/program-no-check/import-elision/cross-file
inputs.v1/h2-8c/program-no-check/import-elision/cross-file-esnext
inputs.v1/h2-8c/program-no-check/import-elision/cross-file-control-checked
inputs.v1/h2-8c/program-no-check/import-elision/ts-nocheck-directive
inputs.v1/h2-8c/program-no-check/import-elision/unresolved
inputs.v1/h2-8c/program-no-check/import-elision/reexports
inputs.v1/h2-8c/program-no-check/import-elision/import-equals-export
inputs.v1/h2-8c/program-no-check/enum/const-enum-cross-file
inputs.v1/h2-8c/program-no-check/enum/const-enum-same-file-es5
inputs.v1/h2-8c/program-no-check/flags/es5-loop-capture
inputs.v1/h2-8c/program-no-check/flags/es5-loop-capture-commonjs
inputs.v1/h2-8c/program-no-check/flags/es2015-async-super
inputs.v1/h2-8c/program-no-check/flags/es2017-static-block
inputs.v1/h2-8c/program-no-check/flags/es5-class-fields-decorators
inputs.v1/h2-8c/program-no-check/decorators/metadata-cross-file
inputs.v1/h2-8c/program-no-check/decorators/standard-esnext
inputs.v1/h2-8c/program-no-check/jsx/react
inputs.v1/h2-8c/program-no-check/jsx/react-jsx
inputs.v1/h2-8c/program-no-check/maps/source-map
inputs.v1/h2-8c/program-no-check/maps/inline-source-map
inputs.v1/h2-8c/program-no-check/no-lib/global-diagnostics
inputs.v1/h2-8c/program-no-check/no-lib/global-diagnostics-control-checked
inputs.v1/h2-8c/program-no-check/options/conflict-emit-declaration-only
inputs.v1/h2-8c/program-no-check/options/list-emitted-files
inputs.v1/h2-8c/program-no-check/sink/on-error-javascript
inputs.v1/h2-8c/program-no-check/sink/on-error-declaration
inputs.v1/h2-8c/program-no-check/control-checked/es5-flags
inputs.v1/h2-8c/program-no-check/control-checked/es2015-flags
inputs.v1/h2-8c/program-no-check/control-checked/import-helpers
inputs.v1/h2-8c/program-no-check/control-checked/namespace-source-map
inputs.v1/h2-8c/program-no-check/no-check/import-helpers
inputs.v1/h2-8c/program-no-check/no-check/namespace-source-map
inputs.v1/h2-8c/program-no-check/text/crlf-unicode
inputs.v1/h2-8c/program-no-check/multi/three-files-mixed
review-inputs.v1/h2-8c/review/filename/dot
review-inputs.v1/h2-8c/review/filename/parent
review-inputs.v1/h2-8c/review/filename/backslash
review-inputs.v1/h2-8c/review/filename/module-name
review-inputs.v1/h2-8c/review/filename/renamed
review-inputs.v1/h2-8c/review/filename/jsdoc
review-inputs.v1/h2-8c/review/utf16/module-name-high
review-inputs.v1/h2-8c/review/utf16/renamed-high
review-inputs.v1/h2-8c/review/utf16/module-name-low
review-inputs.v1/h2-8c/review/utf16/renamed-low
review-inputs.v1/h2-8c/review/utf16/module-name-pair
review-inputs.v1/h2-8c/review/utf16/renamed-pair
review-inputs.v1/h2-8c/review/utf16/renamed-key
review-inputs.v1/h2-8c/review/renamed/empty-ignored
transpile-routes: selected 301 input cases
env cargo test --manifest-path crates/compiler/Cargo.toml --test transpile_routes_contract -- --nocapture --test-threads=1
node scripts/observe-transpile-routes.mjs --check
utf16-identity-recovery: selected 79 input cases
utf16-identity-recovery-controls/a1-distinct-and-pair/target-1
utf16-identity-recovery-controls/a2-object-equivalent/target-1
utf16-identity-recovery-controls/a2-class-equivalent/target-1
utf16-identity-recovery-controls/a2-interface-equivalent/target-1
utf16-identity-recovery-controls/a3-lookup-mapped/target-1
utf16-identity-recovery-controls/a3-narrowing-context/target-1
utf16-identity-recovery-controls/a3-reverse-mapped/target-1
utf16-identity-recovery-controls/a4-late-bound/target-1
utf16-identity-recovery-controls/a5-enum-pair/target-1
utf16-identity-recovery-controls/a6-template-types/target-1
utf16-identity-recovery-controls/a8-name-kinds/target-1
utf16-identity-recovery-controls/a8-leading-expando/target-1
utf16-identity-recovery-controls/a9-diagnostic-values/target-1
utf16-identity-recovery-controls/a9-spelling-suggestion/target-1
utf16-identity-recovery-controls/a10-literal-type/target-1
utf16-identity-recovery-controls/a1-distinct-and-pair/target-2
utf16-identity-recovery-controls/a2-object-equivalent/target-2
utf16-identity-recovery-controls/a2-class-equivalent/target-2
utf16-identity-recovery-controls/a2-interface-equivalent/target-2
utf16-identity-recovery-controls/a3-lookup-mapped/target-2
utf16-identity-recovery-controls/a3-narrowing-context/target-2
utf16-identity-recovery-controls/a3-reverse-mapped/target-2
utf16-identity-recovery-controls/a4-late-bound/target-2
utf16-identity-recovery-controls/a5-enum-pair/target-2
utf16-identity-recovery-controls/a6-template-types/target-2
utf16-identity-recovery-controls/a8-name-kinds/target-2
utf16-identity-recovery-controls/a8-leading-expando/target-2
utf16-identity-recovery-controls/a9-diagnostic-values/target-2
utf16-identity-recovery-controls/a9-spelling-suggestion/target-2
utf16-identity-recovery-controls/a10-literal-type/target-2
utf16-identity-recovery-controls/a7-cross-file/module-1
utf16-identity-recovery-controls/a7-ambient-module/module-1
utf16-identity-recovery-controls/a7-cross-file/module-99
utf16-identity-recovery-controls/a7-ambient-module/module-99
utf16-identity-recovery-controls/a8-private-static-instance
utf16-identity-recovery-controls/b1-noEmitOnError/utf16-literals/adjacent-probes/es5/octal-escape
utf16-identity-recovery-controls/b1-noEmitOnError/utf16-literals/adjacent-probes/es2015/octal-escape
utf16-identity-recovery-controls/b1-noEmitOnError/utf16-literals/adjacent-probes/es5/decimal-escape-8
utf16-identity-recovery-controls/b1-noEmitOnError/utf16-literals/adjacent-probes/es2015/decimal-escape-8
utf16-identity-recovery-controls/b1-noEmitOnError/utf16-literals/adjacent-probes/es5/malformed-hex-escape
utf16-identity-recovery-controls/b1-noEmitOnError/utf16-literals/adjacent-probes/es2015/malformed-hex-escape
utf16-identity-recovery-controls/b1-noEmitOnError/utf16-literals/adjacent-probes/es5/unterminated-extended-escape-control
utf16-identity-recovery-controls/b1-noEmitOnError/utf16-literals/adjacent-probes/es2015/unterminated-extended-escape-control
utf16-identity-recovery-controls/b1-noEmitOnError/utf16-literals/adjacent-probes/es5/out-of-range-extended-escape
utf16-identity-recovery-controls/b1-noEmitOnError/utf16-literals/adjacent-probes/es2015/out-of-range-extended-escape
utf16-identity-recovery-controls/b1-noEmitOnError/utf16-literals/adjacent-probes/es5/unterminated-string
utf16-identity-recovery-controls/b1-noEmitOnError/utf16-literals/adjacent-probes/es2015/unterminated-string
utf16-identity-recovery-controls/b1-noEmitOnError/utf16-literals/adjacent-probes/es5/template-octal-with-surrogate
utf16-identity-recovery-controls/b1-noEmitOnError/utf16-literals/adjacent-probes/es2015/template-octal-with-surrogate
utf16-identity-recovery-controls/b2-noEmit-declaration
utf16-identity-recovery-controls/b3-b4-rejected/missing-initializer
utf16-identity-recovery-controls/b3-b4-rejected/missing-class
utf16-identity-recovery-controls/b3-b4-rejected/mixed-literal-structure
utf16-identity-recovery-controls/b3-b4-rejected/numeric-separator
utf16-identity-recovery-controls/b3-b4-rejected/hex-digits
utf16-identity-recovery-controls/b3-b4-rejected/regexp-eof
utf16-identity-recovery-controls/b3-b4-rejected/comment-eof
utf16-identity-recovery-controls/b3-b4-rejected/conflict-marker
utf16-identity-recovery-controls/b3-b4-rejected/keyword-escape
utf16-identity-recovery-controls/b5-tagged-no-diagnostic
utf16-identity-recovery-controls/b6-eof-backslash
utf16-identity-recovery-controls/b6-value-eof-backslash
utf16-identity-recovery-controls/c1-multiple-spans/target-2
utf16-identity-recovery-controls/c1-multiple-spans/target-3
utf16-identity-recovery-controls/c1-multiple-spans/target-4
utf16-noemit-command-controls/noEmit/none/valid
utf16-noemit-command-controls/noEmit/js-map/valid
utf16-noemit-command-controls/noEmit/inline-map/valid
utf16-noemit-command-controls/noEmit/declaration-map/valid
utf16-noemit-command-controls/noEmit/inactive-declaration-map/valid
utf16-noemit-command-controls/noEmit/listing/valid
utf16-noemit-command-controls/noEmit/noEmitOnError/valid
utf16-noemit-command-controls/noEmit/none/invalid
utf16-noemit-command-controls/noEmit/js-map/invalid
utf16-noemit-command-controls/noEmit/inline-map/invalid
utf16-noemit-command-controls/noEmit/declaration-map/invalid
utf16-noemit-command-controls/noEmit/inactive-declaration-map/invalid
utf16-noemit-command-controls/noEmit/listing/invalid
utf16-noemit-command-controls/noEmit/noEmitOnError/invalid
utf16-identity-recovery: selected 79 input cases
env cargo test --manifest-path crates/compiler/Cargo.toml --test h2_8a_utf16_identity_recovery_controls -- --nocapture --test-threads=1
node scripts/observe-utf16-identity-recovery-controls.mjs --check
node scripts/observe-utf16-noemit-command-controls.mjs --check
utf16-review-fix: selected 25 input cases
utf16-review-fix-controls/m2-noemit-declaration-ts4094
utf16-review-fix-controls/m2-noemit-declaration-clean
utf16-review-fix-controls/m2-noemit-declaration-semantic-first
utf16-review-fix-controls/m2-noemit-declaration-syntactic-first
utf16-review-fix-controls/m2-noemit-without-declaration
utf16-review-fix-controls/m2-noemit-declaration-two-files
utf16-review-fix-controls/a2-element-access-quoted-candidate
utf16-review-fix-controls/a2-property-access-quoted-candidate
utf16-review-fix-controls/a2-excess-property-quoted-candidate
utf16-review-fix-controls/a2-private-name-candidate
utf16-review-fix-controls/a2-leading-underscore-candidates
utf16-review-fix-controls/a2-lone-surrogate-candidate
utf16-review-fix-controls/a3-record-quoted-name
utf16-review-fix-controls/a3-record-lone-surrogate-name
utf16-review-fix-controls/a3-record-identifier-name
utf16-review-fix-controls/a3-record-negative-numeric-name
utf16-review-fix-controls/a3-record-numeric-name
utf16-review-fix-controls/a4-declaration-callback-lone-unit
utf16-review-fix-controls/a4-declaration-callback-lone-unit-es5
utf16-review-fix-controls/c1-es2017-optional-property-invalid
utf16-review-fix-controls/c1-es5-optional-property-valid
utf16-review-fix-controls/c1-es2015-optional-element-invalid
utf16-review-fix-controls/c1-es2015-optional-call-invalid
utf16-review-fix-controls/c1-es2017-optional-chain-long-invalid
utf16-review-fix-controls/c1-es2015-parenthesized-tag-valid
utf16-review-fix: selected 25 input cases
env cargo test --manifest-path crates/compiler/Cargo.toml --test h2_8a_utf16_review_fix_controls -- --nocapture --test-threads=1
node scripts/observe-utf16-review-fix-controls.mjs --check
utf16-tagged-template: selected 16 input cases
utf16-tagged-template-controls/object-spread-tag
utf16-tagged-template-controls/nested-invalid-tag
utf16-tagged-template-controls/es5-valid-invalid-valid
utf16-tagged-template-controls/rest-assignment-valid-tag
utf16-tagged-template-controls/rest-assignment-invalid-tag
utf16-tagged-template-controls/rest-assignment-no-tag
utf16-tagged-template-controls/function-rest-valid
utf16-tagged-template-controls/function-nested-invalid
utf16-tagged-template-controls/es2015-mixed
utf16-tagged-template-controls/es2018-retained-invalid
utf16-tagged-template-controls/script-invalid
utf16-tagged-template-controls/raw-cooked-units
utf16-tagged-template-controls/escaped-valid-rest-tag
utf16-tagged-template-controls/nested-four-visits
utf16-tagged-template-controls/function-expression-tag
utf16-tagged-template-controls/namespace-mixed
utf16-tagged-template: selected 16 input cases
env cargo test --manifest-path crates/compiler/Cargo.toml --test h2_8a_utf16_tagged_template_controls -- --nocapture --test-threads=1
node scripts/observe-utf16-tagged-template-controls.mjs --check
utf16-literal-witnesses: selected 64 input cases
utf16-literals-string-literals/utf16-literals/string-literals/es5/extended-high-surrogate
utf16-literals-string-literals/utf16-literals/string-literals/es2015/extended-high-surrogate
utf16-literals-string-literals/utf16-literals/string-literals/es5/extended-low-surrogate
utf16-literals-string-literals/utf16-literals/string-literals/es2015/extended-low-surrogate
utf16-literals-string-literals/utf16-literals/string-literals/es5/extended-supplementary-pair
utf16-literals-string-literals/utf16-literals/string-literals/es2015/extended-supplementary-pair
utf16-literals-string-literals/utf16-literals/string-literals/es5/extended-bmp
utf16-literals-string-literals/utf16-literals/string-literals/es2015/extended-bmp
utf16-literals-string-literals/utf16-literals/string-literals/es5/extended-ascii
utf16-literals-string-literals/utf16-literals/string-literals/es2015/extended-ascii
utf16-literals-string-literals/utf16-literals/string-literals/es5/short-escape-surrogate-control
utf16-literals-string-literals/utf16-literals/string-literals/es2015/short-escape-surrogate-control
utf16-literals-string-literals/utf16-literals/string-literals/es5/short-and-extended-mixed
utf16-literals-string-literals/utf16-literals/string-literals/es2015/short-and-extended-mixed
utf16-literals-string-literals/utf16-literals/string-literals/es5/real-replacement-character
utf16-literals-string-literals/utf16-literals/string-literals/es2015/real-replacement-character
utf16-literals-string-literals/utf16-literals/string-literals/es5/escaped-backslash-sequence
utf16-literals-string-literals/utf16-literals/string-literals/es2015/escaped-backslash-sequence
utf16-literals-string-literals/utf16-literals/string-literals/es5/single-quoted
utf16-literals-string-literals/utf16-literals/string-literals/es2015/single-quoted
utf16-literals-string-literals/utf16-literals/string-literals/es5/control-and-quote-escapes
utf16-literals-string-literals/utf16-literals/string-literals/es2015/control-and-quote-escapes
utf16-literals-string-literals/utf16-literals/string-literals/es5/null-before-digit
utf16-literals-string-literals/utf16-literals/string-literals/es2015/null-before-digit
utf16-literals-string-literals/utf16-literals/string-literals/es5/crlf-line-continuation
utf16-literals-string-literals/utf16-literals/string-literals/es2015/crlf-line-continuation
utf16-literals-string-literals/utf16-literals/string-literals/es5/class-member-names
utf16-literals-string-literals/utf16-literals/string-literals/es2015/class-member-names
utf16-literals-string-literals/utf16-literals/string-literals/es5/object-literal-names
utf16-literals-string-literals/utf16-literals/string-literals/es2015/object-literal-names
utf16-literals-string-literals/utf16-literals/string-literals/es5/export-specifier-name
utf16-literals-string-literals/utf16-literals/string-literals/es2015/export-specifier-name
utf16-literals-string-literals/utf16-literals/string-literals/es5/enum-member-names
utf16-literals-string-literals/utf16-literals/string-literals/es2015/enum-member-names
utf16-literals-string-literals/utf16-literals/string-literals/esnext/extended-high-surrogate
utf16-literals-string-literals/utf16-literals/string-literals/esnext/extended-low-surrogate
utf16-literals-template-literals/utf16-literals/template-literals/es5/no-substitution-high
utf16-literals-template-literals/utf16-literals/template-literals/es2015/no-substitution-high
utf16-literals-template-literals/utf16-literals/template-literals/es5/no-substitution-low
utf16-literals-template-literals/utf16-literals/template-literals/es2015/no-substitution-low
utf16-literals-template-literals/utf16-literals/template-literals/es5/head-middle-tail
utf16-literals-template-literals/utf16-literals/template-literals/es2015/head-middle-tail
utf16-literals-template-literals/utf16-literals/template-literals/es5/empty-tail
utf16-literals-template-literals/utf16-literals/template-literals/es2015/empty-tail
utf16-literals-template-literals/utf16-literals/template-literals/es5/short-escape-surrogate
utf16-literals-template-literals/utf16-literals/template-literals/es2015/short-escape-surrogate
utf16-literals-template-literals/utf16-literals/template-literals/es5/crlf-and-line-continuation
utf16-literals-template-literals/utf16-literals/template-literals/es2015/crlf-and-line-continuation
utf16-literals-template-literals/utf16-literals/template-literals/es5/backtick-dollar-backslash
utf16-literals-template-literals/utf16-literals/template-literals/es2015/backtick-dollar-backslash
utf16-literals-template-literals/utf16-literals/template-literals/es5/real-replacement-character
utf16-literals-template-literals/utf16-literals/template-literals/es2015/real-replacement-character
utf16-literals-template-literals/utf16-literals/template-literals/es5/tagged-cooked-and-raw
utf16-literals-template-literals/utf16-literals/template-literals/es2015/tagged-cooked-and-raw
utf16-literals-template-literals/utf16-literals/template-literals/es5/tagged-no-substitution
utf16-literals-template-literals/utf16-literals/template-literals/es2015/tagged-no-substitution
utf16-literals-template-literals/utf16-literals/template-literals/es5/template-literal-type-control
utf16-literals-template-literals/utf16-literals/template-literals/es2015/template-literal-type-control
utf16-literals-template-literals/utf16-literals/template-literals/es5/tagged-invalid-cooked
utf16-literals-template-literals/utf16-literals/template-literals/esnext/no-substitution-high
utf16-literals-template-literals/utf16-literals/template-literals/esnext/head-middle-tail
utf16-literals-template-literals/utf16-literals/template-literals/esnext/tagged-cooked-and-raw
utf16-literals-bundle-prologues/utf16-literals/bundle-prologues/es5/dedupe
utf16-literals-bundle-prologues/utf16-literals/bundle-prologues/es2015/dedupe
utf16-literal-witnesses: selected 64 input cases
env cargo test --manifest-path crates/compiler/Cargo.toml --test h2_5h_utf16_literal_witnesses utf16_literal_witnesses_match_complete_typescript_observations -- --exact --nocapture --test-threads=1
node scripts/observe-utf16-literal-witnesses.mjs string-literals --check
node scripts/observe-utf16-literal-witnesses.mjs template-literals --check
node scripts/observe-utf16-literal-witnesses.mjs bundle-prologues --check
utf16-original-commands: selected 4 input cases
utf16-original-rows-complete/typescript-6.0.3/conformance/es6/unicodeExtendedEscapes/unicodeExtendedEscapesInStrings10.ts#target%3Des5
utf16-original-rows-complete/typescript-6.0.3/conformance/es6/unicodeExtendedEscapes/unicodeExtendedEscapesInStrings11.ts#target%3Des5
utf16-original-rows-complete/typescript-6.0.3/conformance/es6/unicodeExtendedEscapes/unicodeExtendedEscapesInTemplates10.ts#target%3Des5
utf16-original-rows-complete/typescript-6.0.3/conformance/es6/unicodeExtendedEscapes/unicodeExtendedEscapesInTemplates11.ts#target%3Des5
utf16-original-commands: selected 4 input cases
env cargo test --manifest-path crates/compiler/Cargo.toml --test h2_5h_utf16_original_rows_complete -- --nocapture --test-threads=1
.node scripts/observe-utf16-original-rows-complete.mjs --check
utf16-review-fix: 25 fixture rows (including any typed refusal controls)
.utf16-identity-recovery: 79 fixture rows (including any typed refusal controls)
utf16-tagged-template: 16 fixture rows (including any typed refusal controls)
test result: ok. 2 passed; 0 failed; 0 ignored; 0 measured; 0 filtered out;
test result: ok. 1 passed; 0 failed; 0 ignored; 0 measured; 0 filtered out;
{"compiler_direct": ["utf16-identity-recovery", "utf16-tagged-template"], "targets": 2, "tests_passed": 3, "observer_seconds": 0.0, "cargo_build_and_replay_seconds": 0.0}
utf16-identity-recovery: 79 fixture rows (including any typed refusal controls)
utf16-tagged-template: 16 fixture rows (including any typed refusal controls)
utf16-identity-recovery: 79 fixture rows (including any typed refusal controls)
utf16-tagged-template: 16 fixture rows (including any typed refusal controls)
test result: ok. 1 passed; 0 failed; 0 ignored; 0 measured; 0 filtered out;
utf16-identity-recovery: 79 fixture rows (including any typed refusal controls)
utf16-tagged-template: 16 fixture rows (including any typed refusal controls)
test result: ok. 2 passed; 0 failed; 0 ignored; 0 measured; 0 filtered out;
test result: ok. 1 passed; 0 failed; 0 ignored; 0 measured; 0 filtered out;
test result: ok. 1 passed; 0 failed; 0 ignored; 0 measured; 0 filtered out;
utf16-identity-recovery: 79 fixture rows (including any typed refusal controls)
utf16-tagged-template: 16 fixture rows (including any typed refusal controls)
test result: ok. 0 passed; 0 failed; 0 ignored; 0 measured; 0 filtered out;
test result: ok. 1 passed; 0 failed; 0 ignored; 0 measured; 0 filtered out;
utf16-identity-recovery: 79 fixture rows (including any typed refusal controls)
utf16-tagged-template: 16 fixture rows (including any typed refusal controls)
test result: ok. 1 passed; 0 failed; 0 ignored; 0 measured; 0 filtered out;
test result: ok. 1 passed; 0 failed; 0 ignored; 0 measured; 0 filtered out;
utf16-identity-recovery: 79 fixture rows (including any typed refusal controls)
utf16-tagged-template: 16 fixture rows (including any typed refusal controls)
test result: ok. 2 passed; 0 failed; 1 ignored; 0 measured; 0 filtered out;
test result: ok. 1 passed; 0 failed; 0 ignored; 0 measured; 0 filtered out;
utf16-identity-recovery: 79 fixture rows (including any typed refusal controls)
utf16-tagged-template: 16 fixture rows (including any typed refusal controls)
test result: ok. 2 passed; 0 failed; 0 ignored; 0 measured; 1 filtered out;
test result: ok. 1 passed; 0 failed; 0 ignored; 0 measured; 0 filtered out;
utf16-identity-recovery: 79 fixture rows (including any typed refusal controls)
utf16-tagged-template: 16 fixture rows (including any typed refusal controls)
test result: ok. 2 passed; 0 failed; 0 ignored; 0 measured; 0 filtered out;
test result: ok. 1 passed; 0 failed; 0 ignored; 0 measured; 0 filtered out;
....test result: ok. 1 passed; 0 failed; 0 ignored; 0 measured; 1 filtered out;{"declaration_map_cli_cases": 8, "repetitions": 2, "cargo_build_and_replay_seconds": 0.0}
test result: ok. 0 passed; 0 failed; 0 ignored; 0 measured; 1 filtered out;test result: ok. 1 passed; 0 failed; 1 ignored; 0 measured; 1 filtered out;test result: ok. 1 passed; 0 failed; 0 ignored; 0 measured; 1 filtered out;.declaration-specifiers: 30 fixture rows (including any typed refusal controls)
declaration-comments: 41 fixture rows (including any typed refusal controls)
jsdoc-return: 58 fixture rows (including any typed refusal controls)
test result: ok. 2 passed; 0 failed; 0 ignored; 0 measured; 9 filtered out;
test result: ok. 3 passed; 0 failed; 0 ignored; 0 measured; 12 filtered out;
test result: ok. 1 passed; 0 failed; 0 ignored; 0 measured; 1 filtered out;
{"compiler_direct": ["declaration-specifiers", "declaration-comments", "jsdoc-return"], "targets": 3, "tests_passed": 6, "observer_seconds": 0.0, "cargo_build_and_replay_seconds": 0.0}
declaration-specifiers: 30 fixture rows (including any typed refusal controls)
declaration-comments: 41 fixture rows (including any typed refusal controls)
jsdoc-return: 58 fixture rows (including any typed refusal controls)
test result: ok. 2 passed; 0 failed; 0 ignored; 0 measured; 9 filtered out;
declaration-specifiers: 30 fixture rows (including any typed refusal controls)
declaration-comments: 41 fixture rows (including any typed refusal controls)
jsdoc-return: 58 fixture rows (including any typed refusal controls)
test result: ok. 2 passed; 0 failed; 0 ignored; 0 measured; 9 filtered out;
test result: ok. 3 passed; 0 failed; 0 ignored; 0 measured; 12 filtered out;
test result: ok. 3 passed; 0 failed; 0 ignored; 0 measured; 12 filtered out;
declaration-specifiers: 30 fixture rows (including any typed refusal controls)
declaration-comments: 41 fixture rows (including any typed refusal controls)
jsdoc-return: 58 fixture rows (including any typed refusal controls)
test result: ok. 2 passed; 0 failed; 0 ignored; 0 measured; 9 filtered out;
test result: ok. 0 passed; 0 failed; 0 ignored; 0 measured; 12 filtered out;
declaration-specifiers: 30 fixture rows (including any typed refusal controls)
declaration-comments: 41 fixture rows (including any typed refusal controls)
jsdoc-return: 58 fixture rows (including any typed refusal controls)
test result: ok. 2 passed; 0 failed; 0 ignored; 0 measured; 9 filtered out;
test result: ok. 2 passed; 0 failed; 0 ignored; 0 measured; 12 filtered out;
declaration-specifiers: 30 fixture rows (including any typed refusal controls)
declaration-comments: 41 fixture rows (including any typed refusal controls)
jsdoc-return: 58 fixture rows (including any typed refusal controls)
test result: ok. 2 passed; 0 failed; 0 ignored; 0 measured; 9 filtered out;
test result: ok. 3 passed; 0 failed; 1 ignored; 0 measured; 12 filtered out;
declaration-specifiers: 30 fixture rows (including any typed refusal controls)
declaration-comments: 41 fixture rows (including any typed refusal controls)
jsdoc-return: 58 fixture rows (including any typed refusal controls)
test result: ok. 2 passed; 0 failed; 0 ignored; 0 measured; 9 filtered out;
test result: ok. 3 passed; 0 failed; 0 ignored; 0 measured; 11 filtered out;
declaration-specifiers: 30 fixture rows (including any typed refusal controls)
declaration-comments: 41 fixture rows (including any typed refusal controls)
jsdoc-return: 58 fixture rows (including any typed refusal controls)
test result: ok. 2 passed; 0 failed; 0 ignored; 0 measured; 9 filtered out;
test result: ok. 3 passed; 0 failed; 0 ignored; 0 measured; 13 filtered out;
declaration-specifiers: 30 fixture rows (including any typed refusal controls)
declaration-comments: 41 fixture rows (including any typed refusal controls)
jsdoc-return: 58 fixture rows (including any typed refusal controls)
test result: ok. 2 passed; 0 failed; 0 ignored; 0 measured; 9 filtered out;
...literal-value-provenance: 540 fixture rows (each compared twice)
import-type-attributes: 84 fixture rows (each compared twice)
test result: ok. 2 passed; 0 failed; 0 ignored; 0 measured; 0 filtered out;
test result: ok. 2 passed; 0 failed; 0 ignored; 0 measured; 0 filtered out;
{"emitter_direct": ["literal-value-provenance", "import-type-attributes"], "targets": 2, "tests_passed": 4, "observer_seconds": 0.0, "cargo_build_and_replay_seconds": 0.0}
literal-value-provenance: 540 fixture rows (each compared twice)
import-type-attributes: 84 fixture rows (each compared twice)
literal-value-provenance: 540 fixture rows (each compared twice)
import-type-attributes: 84 fixture rows (each compared twice)
test result: ok. 2 passed; 0 failed; 0 ignored; 0 measured; 0 filtered out;
literal-value-provenance: 540 fixture rows (each compared twice)
import-type-attributes: 84 fixture rows (each compared twice)
test result: ok. 2 passed; 0 failed; 0 ignored; 0 measured; 0 filtered out;
test result: ok. 2 passed; 0 failed; 0 ignored; 0 measured; 0 filtered out;
test result: ok. 2 passed; 0 failed; 0 ignored; 0 measured; 0 filtered out;
literal-value-provenance: 540 fixture rows (each compared twice)
import-type-attributes: 84 fixture rows (each compared twice)
test result: ok. 0 passed; 0 failed; 0 ignored; 0 measured; 0 filtered out;
test result: ok. 2 passed; 0 failed; 0 ignored; 0 measured; 0 filtered out;
literal-value-provenance: 540 fixture rows (each compared twice)
import-type-attributes: 84 fixture rows (each compared twice)
test result: ok. 2 passed; 0 failed; 1 ignored; 0 measured; 0 filtered out;
test result: ok. 2 passed; 0 failed; 0 ignored; 0 measured; 0 filtered out;
literal-value-provenance: 540 fixture rows (each compared twice)
import-type-attributes: 84 fixture rows (each compared twice)
test result: ok. 2 passed; 0 failed; 0 ignored; 0 measured; 1 filtered out;
test result: ok. 2 passed; 0 failed; 0 ignored; 0 measured; 0 filtered out;
literal-value-provenance: 540 fixture rows (each compared twice)
import-type-attributes: 84 fixture rows (each compared twice)
test result: ok. 2 passed; 0 failed; 0 ignored; 0 measured; 0 filtered out;
test result: ok. 2 passed; 0 failed; 0 ignored; 0 measured; 0 filtered out;
.import-type-attributes: 84 fixture rows (each compared twice)
...utf16-literal-witnesses: 64 fixture rows (including any typed refusal controls)
utf16-original-commands: 4 fixture rows (including any typed refusal controls)
test result: ok. 1 passed; 0 failed; 0 ignored; 0 measured; 0 filtered out;
test result: ok. 1 passed; 0 failed; 0 ignored; 0 measured; 9 filtered out;
{"compiler_direct": ["utf16-literal-witnesses", "utf16-original-commands"], "targets": 2, "tests_passed": 2, "observer_seconds": 0.0, "cargo_build_and_replay_seconds": 0.0}
utf16-literal-witnesses: 64 fixture rows (including any typed refusal controls)
utf16-original-commands: 4 fixture rows (including any typed refusal controls)
test result: ok. 1 passed; 0 failed; 0 ignored; 0 measured; 0 filtered out;
utf16-literal-witnesses: 64 fixture rows (including any typed refusal controls)
utf16-original-commands: 4 fixture rows (including any typed refusal controls)
test result: ok. 1 passed; 0 failed; 0 ignored; 0 measured; 0 filtered out;
test result: ok. 1 passed; 0 failed; 0 ignored; 0 measured; 0 filtered out;
utf16-literal-witnesses: 64 fixture rows (including any typed refusal controls)
utf16-original-commands: 4 fixture rows (including any typed refusal controls)
test result: ok. 1 passed; 0 failed; 0 ignored; 0 measured; 0 filtered out;
test result: ok. 0 passed; 0 failed; 0 ignored; 0 measured; 9 filtered out;
utf16-literal-witnesses: 64 fixture rows (including any typed refusal controls)
utf16-original-commands: 4 fixture rows (including any typed refusal controls)
test result: ok. 1 passed; 0 failed; 0 ignored; 0 measured; 0 filtered out;
test result: ok. 1 passed; 0 failed; 0 ignored; 0 measured; 8 filtered out;
utf16-literal-witnesses: 64 fixture rows (including any typed refusal controls)
utf16-original-commands: 4 fixture rows (including any typed refusal controls)
test result: ok. 1 passed; 0 failed; 0 ignored; 0 measured; 0 filtered out;
test result: ok. 1 passed; 0 failed; 0 ignored; 0 measured; 10 filtered out;
utf16-literal-witnesses: 64 fixture rows (including any typed refusal controls)
utf16-original-commands: 4 fixture rows (including any typed refusal controls)
test result: ok. 1 passed; 0 failed; 0 ignored; 0 measured; 0 filtered out;
test result: ok. 1 passed; 0 failed; 1 ignored; 0 measured; 9 filtered out;
utf16-literal-witnesses: 64 fixture rows (including any typed refusal controls)
utf16-original-commands: 4 fixture rows (including any typed refusal controls)
test result: ok. 1 passed; 0 failed; 0 ignored; 0 measured; 0 filtered out;
test result: ok. 1 passed; 0 failed; 0 ignored; 0 measured; 9 filtered out;
test result: ok. 1 passed; 0 failed; 0 ignored; 0 measured; 9 filtered out;
utf16-literal-witnesses: 64 fixture rows (including any typed refusal controls)
utf16-original-commands: 4 fixture rows (including any typed refusal controls)
test result: ok. 1 passed; 0 failed; 0 ignored; 0 measured; 0 filtered out;
..transpile-routes: 301 fixture rows (including any typed refusal controls)
test result: ok. 9 passed; 0 failed; 0 ignored; 0 measured; 0 filtered out;
{"compiler_direct": ["transpile-routes"], "targets": 1, "tests_passed": 9, "observer_seconds": 0.0, "cargo_build_and_replay_seconds": 0.0}
transpile-routes: 301 fixture rows (including any typed refusal controls)
test result: ok. 5 passed; 0 failed; 0 ignored; 0 measured; 0 filtered out;
transpile-routes: 301 fixture rows (including any typed refusal controls)
test result: ok. 0 passed; 0 failed; 0 ignored; 0 measured; 0 filtered out;
transpile-routes: 301 fixture rows (including any typed refusal controls)
test result: ok. 9 passed; 0 failed; 1 ignored; 0 measured; 0 filtered out;
.
----------------------------------------------------------------------
Ran 42 tests in 0.408s

OK
