decorator-binding: selected 96 input cases
env cargo test --manifest-path crates/emitter/Cargo.toml --test decorator_binding_contract -- --nocapture --test-threads=1
decorator-binding: 96 fixture rows (each compared twice)
{"case_id":"decorator-binding-direct/synthetic/es2015/set/injected-_metadata","attempts":2}
{"case_id":"decorator-binding-direct/synthetic/es2015/set/injected-_classThis","attempts":2}
{"case_id":"decorator-binding-direct/synthetic/es2015/set/injected-_x_decorators","attempts":2}
{"case_id":"decorator-binding-direct/synthetic/es2015/set/injected-_a","attempts":2}
{"case_id":"decorator-binding-direct/synthetic/es2015/set/injected-_outerThis","attempts":2}
{"case_id":"decorator-binding-direct/synthetic/es2015/set/injected-class_1","attempts":2}
{"case_id":"decorator-binding-direct/synthetic/es2015/set/parsed-_metadata","attempts":2}
{"case_id":"decorator-binding-direct/synthetic/es2015/set/parsed-_x_decorators","attempts":2}
{"case_id":"decorator-binding-direct/synthetic/es2015/define/injected-_metadata","attempts":2}
{"case_id":"decorator-binding-direct/synthetic/es2015/define/injected-_classThis","attempts":2}
{"case_id":"decorator-binding-direct/synthetic/es2015/define/injected-_x_decorators","attempts":2}
{"case_id":"decorator-binding-direct/synthetic/es2015/define/injected-_a","attempts":2}
{"case_id":"decorator-binding-direct/synthetic/es2015/define/injected-_outerThis","attempts":2}
{"case_id":"decorator-binding-direct/synthetic/es2015/define/injected-class_1","attempts":2}
{"case_id":"decorator-binding-direct/synthetic/es2015/define/parsed-_metadata","attempts":2}
{"case_id":"decorator-binding-direct/synthetic/es2015/define/parsed-_x_decorators","attempts":2}
{"case_id":"decorator-binding-direct/synthetic/es2022/set/injected-_metadata","attempts":2}
{"case_id":"decorator-binding-direct/synthetic/es2022/set/injected-_classThis","attempts":2}
{"case_id":"decorator-binding-direct/synthetic/es2022/set/injected-_x_decorators","attempts":2}
{"case_id":"decorator-binding-direct/synthetic/es2022/set/injected-_a","attempts":2}
{"case_id":"decorator-binding-direct/synthetic/es2022/set/injected-_outerThis","attempts":2}
{"case_id":"decorator-binding-direct/synthetic/es2022/set/injected-class_1","attempts":2}
{"case_id":"decorator-binding-direct/synthetic/es2022/set/parsed-_metadata","attempts":2}
{"case_id":"decorator-binding-direct/synthetic/es2022/set/parsed-_x_decorators","attempts":2}
{"case_id":"decorator-binding-direct/synthetic/es2022/define/injected-_metadata","attempts":2}
{"case_id":"decorator-binding-direct/synthetic/es2022/define/injected-_classThis","attempts":2}
{"case_id":"decorator-binding-direct/synthetic/es2022/define/injected-_x_decorators","attempts":2}
{"case_id":"decorator-binding-direct/synthetic/es2022/define/injected-_a","attempts":2}
{"case_id":"decorator-binding-direct/synthetic/es2022/define/injected-_outerThis","attempts":2}
{"case_id":"decorator-binding-direct/synthetic/es2022/define/injected-class_1","attempts":2}
{"case_id":"decorator-binding-direct/synthetic/es2022/define/parsed-_metadata","attempts":2}
{"case_id":"decorator-binding-direct/synthetic/es2022/define/parsed-_x_decorators","attempts":2}
{"case_id":"decorator-binding-direct/synthetic/esnext/set/injected-_metadata","attempts":2}
{"case_id":"decorator-binding-direct/synthetic/esnext/set/injected-_classThis","attempts":2}
{"case_id":"decorator-binding-direct/synthetic/esnext/set/injected-_x_decorators","attempts":2}
{"case_id":"decorator-binding-direct/synthetic/esnext/set/injected-_a","attempts":2}
{"case_id":"decorator-binding-direct/synthetic/esnext/set/injected-_outerThis","attempts":2}
{"case_id":"decorator-binding-direct/synthetic/esnext/set/injected-class_1","attempts":2}
{"case_id":"decorator-binding-direct/synthetic/esnext/set/parsed-_metadata","attempts":2}
{"case_id":"decorator-binding-direct/synthetic/esnext/set/parsed-_x_decorators","attempts":2}
{"case_id":"decorator-binding-direct/synthetic/esnext/define/injected-_metadata","attempts":2}
{"case_id":"decorator-binding-direct/synthetic/esnext/define/injected-_classThis","attempts":2}
{"case_id":"decorator-binding-direct/synthetic/esnext/define/injected-_x_decorators","attempts":2}
{"case_id":"decorator-binding-direct/synthetic/esnext/define/injected-_a","attempts":2}
{"case_id":"decorator-binding-direct/synthetic/esnext/define/injected-_outerThis","attempts":2}
{"case_id":"decorator-binding-direct/synthetic/esnext/define/injected-class_1","attempts":2}
{"case_id":"decorator-binding-direct/synthetic/esnext/define/parsed-_metadata","attempts":2}
{"case_id":"decorator-binding-direct/synthetic/esnext/define/parsed-_x_decorators","attempts":2}
{"case_id":"decorator-binding-direct/global/file-level/miss","attempts":2}
{"case_id":"decorator-binding-direct/global/file-level/hit","attempts":2}
{"case_id":"decorator-binding-direct/global/file-level/hit-chain","attempts":2}
{"case_id":"decorator-binding-direct/global/file-level/error","attempts":2}
{"case_id":"decorator-binding-direct/global/scoped/miss","attempts":2}
{"case_id":"decorator-binding-direct/global/scoped/hit","attempts":2}
{"case_id":"decorator-binding-direct/global/scoped/hit-chain","attempts":2}
{"case_id":"decorator-binding-direct/global/scoped/error","attempts":2}
{"case_id":"decorator-binding-direct/global/file-wide/miss","attempts":2}
{"case_id":"decorator-binding-direct/global/file-wide/hit","attempts":2}
{"case_id":"decorator-binding-direct/global/file-wide/hit-chain","attempts":2}
{"case_id":"decorator-binding-direct/global/file-wide/error","attempts":2}
{"case_id":"decorator-binding-direct/global/numbered/miss","attempts":2}
{"case_id":"decorator-binding-direct/global/numbered/hit","attempts":2}
{"case_id":"decorator-binding-direct/global/numbered/hit-chain","attempts":2}
{"case_id":"decorator-binding-direct/global/numbered/error","attempts":2}
{"case_id":"decorator-binding-direct/global/temp/miss","attempts":2}
{"case_id":"decorator-binding-direct/global/temp/hit","attempts":2}
{"case_id":"decorator-binding-direct/global/temp/hit-chain","attempts":2}
{"case_id":"decorator-binding-direct/global/temp/error","attempts":2}
{"case_id":"decorator-binding-direct/global/file-level/parsed-and-hit","attempts":2}
{"case_id":"decorator-binding-direct/global/scoped/parsed-and-hit","attempts":2}
{"case_id":"decorator-binding-direct/lifecycle/reprint/numbered","attempts":2}
{"case_id":"decorator-binding-direct/lifecycle/clone/numbered","attempts":2}
{"case_id":"decorator-binding-direct/lifecycle/failure/numbered/before-statement-1","attempts":2}
{"case_id":"decorator-binding-direct/lifecycle/failure/numbered/after-statement-1","attempts":2}
{"case_id":"decorator-binding-direct/lifecycle/dispose/numbered","attempts":2}
{"case_id":"decorator-binding-direct/lifecycle/reprint/file-level","attempts":2}
{"case_id":"decorator-binding-direct/lifecycle/clone/file-level","attempts":2}
{"case_id":"decorator-binding-direct/lifecycle/failure/file-level/before-statement-1","attempts":2}
{"case_id":"decorator-binding-direct/lifecycle/failure/file-level/after-statement-1","attempts":2}
{"case_id":"decorator-binding-direct/lifecycle/dispose/file-level","attempts":2}
{"case_id":"decorator-binding-direct/lifecycle/reprint/scoped","attempts":2}
{"case_id":"decorator-binding-direct/lifecycle/clone/scoped","attempts":2}
{"case_id":"decorator-binding-direct/lifecycle/failure/scoped/before-statement-1","attempts":2}
{"case_id":"decorator-binding-direct/lifecycle/failure/scoped/after-statement-1","attempts":2}
{"case_id":"decorator-binding-direct/lifecycle/reprint/file-wide","attempts":2}
{"case_id":"decorator-binding-direct/lifecycle/clone/file-wide","attempts":2}
{"case_id":"decorator-binding-direct/lifecycle/failure/file-wide/before-statement-1","attempts":2}
{"case_id":"decorator-binding-direct/lifecycle/failure/file-wide/after-statement-1","attempts":2}
{"case_id":"decorator-binding-direct/lifecycle/reprint/temp","attempts":2}
{"case_id":"decorator-binding-direct/lifecycle/clone/temp","attempts":2}
{"case_id":"decorator-binding-direct/lifecycle/failure/temp/before-statement-1","attempts":2}
{"case_id":"decorator-binding-direct/lifecycle/failure/temp/after-statement-1","attempts":2}
{"case_id":"decorator-binding-direct/lifecycle/failure/node-derived-same-node/before-statement-1","attempts":2}
{"case_id":"decorator-binding-direct/lifecycle/failure/node-derived-same-node/after-statement-1","attempts":2}
{"case_id":"decorator-binding-direct/lifecycle/failure/node-derived-other-node/before-statement-1","attempts":2}
{"case_id":"decorator-binding-direct/lifecycle/failure/node-derived-other-node/after-statement-1","attempts":2}
{"destination":"/Users/hiramatsu/dev/tsc-rs-generated-binding/crates/emitter/tests/fixtures/decorator-binding-direct.json","cases":96,"groups":{"synthetic":48,"global":22,"lifecycle":26},"sha256":"1d5b95460991139be12bd89339a17f5f5bdb12f44af38cffd40a8755b3c1a6f0"}
    Blocking waiting for file lock on artifact directory
   Compiling tsc-rs-emitter v0.1.0 (/Users/hiramatsu/dev/tsc-rs-generated-binding/crates/emitter)
error[E0603]: module `target_bindings` is private
    --> crates/emitter/src/transform.rs:1044:26
     |
1044 |         crate::builtins::target_bindings::root_declaration_generated_identifiers(
     |                          ^^^^^^^^^^^^^^^  -------------------------------------- function `root_declaration_generated_identifiers` is not publicly re-exported
     |                          |
     |                          private module
     |
note: the module `target_bindings` is defined here
    --> crates/emitter/src/builtins.rs:52:1
     |
  52 | mod target_bindings;
     | ^^^^^^^^^^^^^^^^^^^^

error[E0277]: the trait bound `GeneratedNamesThisPrint: Clone` is not satisfied
    --> crates/emitter/src/printer.rs:1053:5
     |
1018 | #[derive(Clone, Debug, Eq, PartialEq)]
     |          ----- in this derive macro expansion
...
1053 |     generated_names_this_print: GeneratedNamesThisPrint,
     |     ^^^^^^^^^^^^^^^^^^^^^^^^^^^^^^^^^^^^^^^^^^^^^^^^^^^ the trait `Clone` is not implemented for `GeneratedNamesThisPrint`
     |
help: consider annotating `GeneratedNamesThisPrint` with `#[derive(Clone)]`
     |
1060 + #[derive(Clone)]
1061 | struct GeneratedNamesThisPrint {
     |

error[E0277]: the trait bound `GeneratedNamesThisPrint: Eq` is not satisfied
    --> crates/emitter/src/printer.rs:1053:5
     |
1018 | #[derive(Clone, Debug, Eq, PartialEq)]
     |                        -- in this derive macro expansion
...
1053 |     generated_names_this_print: GeneratedNamesThisPrint,
     |     ^^^^^^^^^^^^^^^^^^^^^^^^^^^^^^^^^^^^^^^^^^^^^^^^^^^ unsatisfied trait bound
     |
help: the trait `Eq` is not implemented for `GeneratedNamesThisPrint`
    --> crates/emitter/src/printer.rs:1060:1
     |
1060 | struct GeneratedNamesThisPrint {
     | ^^^^^^^^^^^^^^^^^^^^^^^^^^^^^^
note: required by a bound in `AssertParamIsEq`
    --> /rustc/254b59607d4417e9dffbc307138ae5c86280fe4c/library/core/src/cmp.rs:367:1

error[E0277]: the trait bound `CarriedGeneratedNames: Eq` is not satisfied
    --> crates/emitter/src/printer.rs:1049:5
     |
1018 | #[derive(Clone, Debug, Eq, PartialEq)]
     |                        -- in this derive macro expansion
...
1049 |     carried_generated_names: Option<CarriedGeneratedNames>,
     |     ^^^^^^^^^^^^^^^^^^^^^^^^^^^^^^^^^^^^^^^^^^^^^^^^^^^^^^ the trait `Eq` is not implemented for `CarriedGeneratedNames`
     |
help: the trait `Eq` is implemented for `Option<T>`
    --> /rustc/254b59607d4417e9dffbc307138ae5c86280fe4c/library/core/src/option.rs:595:16
     = note: required for `Option<CarriedGeneratedNames>` to implement `Eq`
note: required by a bound in `AssertParamIsEq`
    --> /rustc/254b59607d4417e9dffbc307138ae5c86280fe4c/library/core/src/cmp.rs:367:1
help: consider annotating `CarriedGeneratedNames` with `#[derive(Eq)]`
    -->  crates/emitter/src/transform.rs:52:1
     |
  52 + #[derive(Eq)]
  53 | pub(crate) struct CarriedGeneratedNames {
     |

error[E0369]: binary operation `==` cannot be applied to type `Option<CarriedGeneratedNames>`
    --> crates/emitter/src/printer.rs:1049:5
     |
1018 | #[derive(Clone, Debug, Eq, PartialEq)]
     |                            --------- in this derive macro expansion
...
1049 |     carried_generated_names: Option<CarriedGeneratedNames>,
     |     ^^^^^^^^^^^^^^^^^^^^^^^^^^^^^^^^^^^^^^^^^^^^^^^^^^^^^^
     |
note: an implementation of `PartialEq` might be missing for `CarriedGeneratedNames`
    --> crates/emitter/src/transform.rs:52:1
     |
  52 | pub(crate) struct CarriedGeneratedNames {
     | ^^^^^^^^^^^^^^^^^^^^^^^^^^^^^^^^^^^^^^^ must implement `PartialEq`
help: consider annotating `CarriedGeneratedNames` with `#[derive(PartialEq)]`
    -->  crates/emitter/src/transform.rs:52:1
     |
  52 + #[derive(PartialEq)]
  53 | pub(crate) struct CarriedGeneratedNames {
     |

error[E0369]: binary operation `==` cannot be applied to type `GeneratedNamesThisPrint`
    --> crates/emitter/src/printer.rs:1053:5
     |
1018 | #[derive(Clone, Debug, Eq, PartialEq)]
     |                            --------- in this derive macro expansion
...
1053 |     generated_names_this_print: GeneratedNamesThisPrint,
     |     ^^^^^^^^^^^^^^^^^^^^^^^^^^^^^^^^^^^^^^^^^^^^^^^^^^^
     |
note: an implementation of `PartialEq` might be missing for `GeneratedNamesThisPrint`
    --> crates/emitter/src/printer.rs:1060:1
     |
1060 | struct GeneratedNamesThisPrint {
     | ^^^^^^^^^^^^^^^^^^^^^^^^^^^^^^ must implement `PartialEq`
help: consider annotating `GeneratedNamesThisPrint` with `#[derive(PartialEq)]`
     |
1060 + #[derive(PartialEq)]
1061 | struct GeneratedNamesThisPrint {
     |

Some errors have detailed explanations: E0277, E0369, E0603.
For more information about an error, try `rustc --explain E0277`.
error: could not compile `tsc-rs-emitter` (lib) due to 6 previous errors
Traceback (most recent call last):
  File "/Users/hiramatsu/dev/tsc-rs-generated-binding/scripts/witness.py", line 596, in <module>
    sys.exit(main())
             ~~~~^^
  File "/Users/hiramatsu/dev/tsc-rs-generated-binding/scripts/witness.py", line 587, in main
    run_emitter_direct([args.suite])
    ~~~~~~~~~~~~~~~~~~^^^^^^^^^^^^^^
  File "/Users/hiramatsu/dev/tsc-rs-generated-binding/scripts/witness.py", line 502, in run_emitter_direct
    result.check_returncode()
    ~~~~~~~~~~~~~~~~~~~~~~~^^
  File "/opt/homebrew/Cellar/python@3.14/3.14.2/Frameworks/Python.framework/Versions/3.14/lib/python3.14/subprocess.py", line 508, in check_returncode
    raise CalledProcessError(self.returncode, self.args, self.stdout,
                             self.stderr)
subprocess.CalledProcessError: Command '['cargo', 'test', '--manifest-path', 'crates/emitter/Cargo.toml', '--test', 'decorator_binding_contract', '--', '--nocapture', '--test-threads=1']' returned non-zero exit status 101.
