extra: selected 24 input cases
env TSC_RS_DECORATOR_SUPER_EXTRA_CASE_SET=phase-order/ cargo test --manifest-path crates/compiler/Cargo.toml --test decorator_super_contract h2_8a_decorator_super::decorator_super_extra_forms_match_complete_typescript_observations -- --exact --nocapture --test-threads=1
   Compiling tsc-rs-emitter v0.1.0 (/Users/hiramatsu/dev/tsc-rs-generated-binding/crates/emitter)
   Compiling tsc-rs-checker v0.1.0 (/Users/hiramatsu/dev/tsc-rs-generated-binding/crates/checker)
   Compiling tsc-rs-compiler v0.1.0 (/Users/hiramatsu/dev/tsc-rs-generated-binding/crates/compiler)
   Compiling tsc-rs-harness v0.1.0 (/Users/hiramatsu/dev/tsc-rs-generated-binding/crates/harness)
    Finished `test` profile [unoptimized] target(s) in 31.29s
     Running tests/decorator_super_contract.rs (target/debug/deps/decorator_super_contract-a552933c534748b0)

running 1 test
test h2_8a_decorator_super::decorator_super_extra_forms_match_complete_typescript_observations ... decorator super SELECTION "phase-order/" -> 24 cases
decorator super EXACT x2 decorator-super-extra/es2015/set/phase-order/outer-this-and-cache-temp
decorator super EXACT x2 decorator-super-extra/es2015/set/phase-order/decorated-field-then-undecorated-computed-method
decorator super EXACT x2 decorator-super-extra/es2015/set/phase-order/decorated-field-then-decorated-computed-method
decorator super EXACT x2 decorator-super-extra/es2015/set/phase-order/decorated-field-no-later-computed-name
decorator super EXACT x2 decorator-super-extra/es2015/define/phase-order/outer-this-and-cache-temp
decorator super EXACT x2 decorator-super-extra/es2015/define/phase-order/decorated-field-then-undecorated-computed-method
decorator super EXACT x2 decorator-super-extra/es2015/define/phase-order/decorated-field-then-decorated-computed-method
decorator super EXACT x2 decorator-super-extra/es2015/define/phase-order/decorated-field-no-later-computed-name
decorator super EXACT x2 decorator-super-extra/es2022/set/phase-order/outer-this-and-cache-temp
decorator super EXACT x2 decorator-super-extra/es2022/set/phase-order/decorated-field-then-undecorated-computed-method
decorator super EXACT x2 decorator-super-extra/es2022/set/phase-order/decorated-field-then-decorated-computed-method
decorator super EXACT x2 decorator-super-extra/es2022/set/phase-order/decorated-field-no-later-computed-name
decorator super EXACT x2 decorator-super-extra/es2022/define/phase-order/outer-this-and-cache-temp
decorator super EXACT x2 decorator-super-extra/es2022/define/phase-order/decorated-field-then-undecorated-computed-method
decorator super EXACT x2 decorator-super-extra/es2022/define/phase-order/decorated-field-then-decorated-computed-method
decorator super EXACT x2 decorator-super-extra/es2022/define/phase-order/decorated-field-no-later-computed-name
decorator super EXACT x2 decorator-super-extra/esnext/set/phase-order/outer-this-and-cache-temp
decorator super EXACT x2 decorator-super-extra/esnext/set/phase-order/decorated-field-then-undecorated-computed-method
decorator super EXACT x2 decorator-super-extra/esnext/set/phase-order/decorated-field-then-decorated-computed-method
decorator super EXACT x2 decorator-super-extra/esnext/set/phase-order/decorated-field-no-later-computed-name
decorator super EXACT x2 decorator-super-extra/esnext/define/phase-order/outer-this-and-cache-temp
decorator super EXACT x2 decorator-super-extra/esnext/define/phase-order/decorated-field-then-undecorated-computed-method
decorator super EXACT x2 decorator-super-extra/esnext/define/phase-order/decorated-field-then-decorated-computed-method
decorator super EXACT x2 decorator-super-extra/esnext/define/phase-order/decorated-field-no-later-computed-name
decorator super SUMMARY exact=24 failed=0 selected=24
ok

test result: ok. 1 passed; 0 failed; 0 ignored; 0 measured; 12 filtered out; finished in 26.28s

