    Finished `test` profile [unoptimized] target(s) in 0.06s
     Running tests/decorator_binding_pipeline_contract.rs (target/debug/deps/decorator_binding_pipeline_contract-6441a05f1df13e98)

running 1 test
test decorator_binding_forms_match_complete_typescript_observations ... decorator binding UPSTREAM EXCEPTION decorator-binding/computed/esnext/set/static-accessor-decorated
decorator binding SELECTION "private-accessor-storage-,private-and-public-same-stem,decorated-static-private-auto-accessor" -> 30 cases
decorator binding EXACT x2 decorator-binding/reserved/es2015/set/file-level-then-decorated-static-private-auto-accessor
decorator binding EXACT x2 decorator-binding/reserved/es2015/set/decorated-static-private-auto-accessor-then-file-level
decorator binding EXACT x2 decorator-binding/reserved/es2015/set/private-accessor-storage-nested
decorator binding EXACT x2 decorator-binding/reserved/es2015/set/private-accessor-storage-siblings
decorator binding EXACT x2 decorator-binding/reserved/es2015/set/private-and-public-same-stem
decorator binding EXACT x2 decorator-binding/reserved/es2015/define/file-level-then-decorated-static-private-auto-accessor
decorator binding EXACT x2 decorator-binding/reserved/es2015/define/decorated-static-private-auto-accessor-then-file-level
decorator binding EXACT x2 decorator-binding/reserved/es2015/define/private-accessor-storage-nested
decorator binding EXACT x2 decorator-binding/reserved/es2015/define/private-accessor-storage-siblings
decorator binding EXACT x2 decorator-binding/reserved/es2015/define/private-and-public-same-stem
decorator binding EXACT x2 decorator-binding/reserved/es2022/set/file-level-then-decorated-static-private-auto-accessor
decorator binding EXACT x2 decorator-binding/reserved/es2022/set/decorated-static-private-auto-accessor-then-file-level
decorator binding EXACT x2 decorator-binding/reserved/es2022/set/private-accessor-storage-nested
decorator binding EXACT x2 decorator-binding/reserved/es2022/set/private-accessor-storage-siblings
decorator binding EXACT x2 decorator-binding/reserved/es2022/set/private-and-public-same-stem
decorator binding EXACT x2 decorator-binding/reserved/es2022/define/file-level-then-decorated-static-private-auto-accessor
decorator binding EXACT x2 decorator-binding/reserved/es2022/define/decorated-static-private-auto-accessor-then-file-level
decorator binding EXACT x2 decorator-binding/reserved/es2022/define/private-accessor-storage-nested
decorator binding EXACT x2 decorator-binding/reserved/es2022/define/private-accessor-storage-siblings
decorator binding EXACT x2 decorator-binding/reserved/es2022/define/private-and-public-same-stem
decorator binding EXACT x2 decorator-binding/reserved/esnext/set/file-level-then-decorated-static-private-auto-accessor
decorator binding EXACT x2 decorator-binding/reserved/esnext/set/decorated-static-private-auto-accessor-then-file-level
decorator binding EXACT x2 decorator-binding/reserved/esnext/set/private-accessor-storage-nested
decorator binding EXACT x2 decorator-binding/reserved/esnext/set/private-accessor-storage-siblings
decorator binding EXACT x2 decorator-binding/reserved/esnext/set/private-and-public-same-stem
decorator binding EXACT x2 decorator-binding/reserved/esnext/define/file-level-then-decorated-static-private-auto-accessor
decorator binding EXACT x2 decorator-binding/reserved/esnext/define/decorated-static-private-auto-accessor-then-file-level
decorator binding EXACT x2 decorator-binding/reserved/esnext/define/private-accessor-storage-nested
decorator binding EXACT x2 decorator-binding/reserved/esnext/define/private-accessor-storage-siblings
decorator binding EXACT x2 decorator-binding/reserved/esnext/define/private-and-public-same-stem
decorator binding SUMMARY exact=30 failed=0 selected=30
ok

test result: ok. 1 passed; 0 failed; 0 ignored; 0 measured; 8 filtered out; finished in 44.03s

