   Compiling tsc-rs-emitter v0.1.0 (/Users/hiramatsu/dev/tsc-rs-printer-comment-carry/crates/emitter)
    Finished `test` profile [unoptimized] target(s) in 7.74s
     Running tests/printer_failure_contract.rs (/Users/hiramatsu/dev/tsc-rs-printer-failure/target/debug/deps/printer_failure_contract-f36a6d3d26fee24b)

running 1 test
test comment_containers_match_across_sources ... COMMENT CARRY MISMATCH printer-failure/printNode/comment-carry/equal-ascii/lf/before#op2: expected {"op":2,"status":"returned","text":"/*old*/ f(g(y); //next\n","utf8_base64":"LypvbGQqLyBmKGcoeSk7IC8vbmV4dAo=","utf8_bytes":23,"end_utf16":{"position":23,"line":1,"column":0}} actual {"op":2,"status":"returned","text":"/*old*/ f(/*new*/ g(y); //next\n","utf8_base64":"LypvbGQqLyBmKC8qbmV3Ki8gZyh5KTsgLy9uZXh0Cg==","utf8_bytes":31,"end_utf16":{"position":31,"line":1,"column":0}}
COMMENT CARRY MISMATCH printer-failure/printNode/comment-carry/equal-ascii/lf/before#op4: expected {"op":4,"status":"returned","text":"g(y); //next\n","utf8_base64":"Zyh5KTsgLy9uZXh0Cg==","utf8_bytes":13,"end_utf16":{"position":13,"line":1,"column":0}} actual {"op":4,"status":"returned","text":"/*new*/ g(y); //next\n","utf8_base64":"LypuZXcqLyBnKHkpOyAvL25leHQK","utf8_bytes":21,"end_utf16":{"position":21,"line":1,"column":0}}
COMMENT CARRY MISMATCH printer-failure/printNode/comment-carry/equal-ascii/lf/after#op2: expected {"op":2,"status":"returned","text":"/*old*/ f(xg(y); //next\n","utf8_base64":"LypvbGQqLyBmKHhnKHkpOyAvL25leHQK","utf8_bytes":24,"end_utf16":{"position":24,"line":1,"column":0}} actual {"op":2,"status":"returned","text":"/*old*/ f(x/*new*/ g(y); //next\n","utf8_base64":"LypvbGQqLyBmKHgvKm5ldyovIGcoeSk7IC8vbmV4dAo=","utf8_bytes":32,"end_utf16":{"position":32,"line":1,"column":0}}
COMMENT CARRY MISMATCH printer-failure/printNode/comment-carry/equal-ascii/lf/after#op4: expected {"op":4,"status":"returned","text":"g(y); //next\n","utf8_base64":"Zyh5KTsgLy9uZXh0Cg==","utf8_bytes":13,"end_utf16":{"position":13,"line":1,"column":0}} actual {"op":4,"status":"returned","text":"/*new*/ g(y); //next\n","utf8_base64":"LypuZXcqLyBnKHkpOyAvL25leHQK","utf8_bytes":21,"end_utf16":{"position":21,"line":1,"column":0}}
COMMENT CARRY MISMATCH printer-failure/printNode/comment-carry/equal-ascii/crlf/before#op2: expected {"op":2,"status":"returned","text":"/*old*/ f(g(y); //next\r\n","utf8_base64":"LypvbGQqLyBmKGcoeSk7IC8vbmV4dA0K","utf8_bytes":24,"end_utf16":{"position":24,"line":1,"column":0}} actual {"op":2,"status":"returned","text":"/*old*/ f(/*new*/ g(y); //next\r\n","utf8_base64":"LypvbGQqLyBmKC8qbmV3Ki8gZyh5KTsgLy9uZXh0DQo=","utf8_bytes":32,"end_utf16":{"position":32,"line":1,"column":0}}
COMMENT CARRY MISMATCH printer-failure/printNode/comment-carry/equal-ascii/crlf/before#op4: expected {"op":4,"status":"returned","text":"g(y); //next\r\n","utf8_base64":"Zyh5KTsgLy9uZXh0DQo=","utf8_bytes":14,"end_utf16":{"position":14,"line":1,"column":0}} actual {"op":4,"status":"returned","text":"/*new*/ g(y); //next\r\n","utf8_base64":"LypuZXcqLyBnKHkpOyAvL25leHQNCg==","utf8_bytes":22,"end_utf16":{"position":22,"line":1,"column":0}}
COMMENT CARRY MISMATCH printer-failure/printNode/comment-carry/equal-ascii/crlf/after#op2: expected {"op":2,"status":"returned","text":"/*old*/ f(xg(y); //next\r\n","utf8_base64":"LypvbGQqLyBmKHhnKHkpOyAvL25leHQNCg==","utf8_bytes":25,"end_utf16":{"position":25,"line":1,"column":0}} actual {"op":2,"status":"returned","text":"/*old*/ f(x/*new*/ g(y); //next\r\n","utf8_base64":"LypvbGQqLyBmKHgvKm5ldyovIGcoeSk7IC8vbmV4dA0K","utf8_bytes":33,"end_utf16":{"position":33,"line":1,"column":0}}
COMMENT CARRY MISMATCH printer-failure/printNode/comment-carry/equal-ascii/crlf/after#op4: expected {"op":4,"status":"returned","text":"g(y); //next\r\n","utf8_base64":"Zyh5KTsgLy9uZXh0DQo=","utf8_bytes":14,"end_utf16":{"position":14,"line":1,"column":0}} actual {"op":4,"status":"returned","text":"/*new*/ g(y); //next\r\n","utf8_base64":"LypuZXcqLyBnKHkpOyAvL25leHQNCg==","utf8_bytes":22,"end_utf16":{"position":22,"line":1,"column":0}}
COMMENT CARRY MISMATCH printer-failure/printNode/comment-carry/equal-utf16-different-bytes/lf/before#op2: expected {"op":2,"status":"returned","text":"/*old*/ f(g(y); //next\n","utf8_base64":"LypvbGQqLyBmKGcoeSk7IC8vbmV4dAo=","utf8_bytes":23,"end_utf16":{"position":23,"line":1,"column":0}} actual {"op":2,"status":"returned","text":"/*old*/ f(\n/*new*/ g(y); //next\n","utf8_base64":"LypvbGQqLyBmKAovKm5ldyovIGcoeSk7IC8vbmV4dAo=","utf8_bytes":32,"end_utf16":{"position":32,"line":2,"column":0}}
COMMENT CARRY MISMATCH printer-failure/printNode/comment-carry/equal-utf16-different-bytes/lf/before#op4: expected {"op":4,"status":"returned","text":"g(y); //next\n","utf8_base64":"Zyh5KTsgLy9uZXh0Cg==","utf8_bytes":13,"end_utf16":{"position":13,"line":1,"column":0}} actual {"op":4,"status":"returned","text":"/*new*/ g(y); //next\n","utf8_base64":"LypuZXcqLyBnKHkpOyAvL25leHQK","utf8_bytes":21,"end_utf16":{"position":21,"line":1,"column":0}}
COMMENT CARRY MISMATCH printer-failure/printNode/comment-carry/equal-utf16-different-bytes/lf/after#op2: expected {"op":2,"status":"returned","text":"/*old*/ f(xg(y); //next\n","utf8_base64":"LypvbGQqLyBmKHhnKHkpOyAvL25leHQK","utf8_bytes":24,"end_utf16":{"position":24,"line":1,"column":0}} actual {"op":2,"status":"returned","text":"/*old*/ f(x\n/*new*/ g(y); //next\n","utf8_base64":"LypvbGQqLyBmKHgKLypuZXcqLyBnKHkpOyAvL25leHQK","utf8_bytes":33,"end_utf16":{"position":33,"line":2,"column":0}}
COMMENT CARRY MISMATCH printer-failure/printNode/comment-carry/equal-utf16-different-bytes/lf/after#op4: expected {"op":4,"status":"returned","text":"g(y); //next\n","utf8_base64":"Zyh5KTsgLy9uZXh0Cg==","utf8_bytes":13,"end_utf16":{"position":13,"line":1,"column":0}} actual {"op":4,"status":"returned","text":"/*new*/ g(y); //next\n","utf8_base64":"LypuZXcqLyBnKHkpOyAvL25leHQK","utf8_bytes":21,"end_utf16":{"position":21,"line":1,"column":0}}
COMMENT CARRY MISMATCH printer-failure/printNode/comment-carry/equal-utf16-different-bytes/crlf/before#op2: expected {"op":2,"status":"returned","text":"/*old*/ f(g(y); //next\r\n","utf8_base64":"LypvbGQqLyBmKGcoeSk7IC8vbmV4dA0K","utf8_bytes":24,"end_utf16":{"position":24,"line":1,"column":0}} actual {"op":2,"status":"returned","text":"/*old*/ f(\r\n/*new*/ g(y); //next\r\n","utf8_base64":"LypvbGQqLyBmKA0KLypuZXcqLyBnKHkpOyAvL25leHQNCg==","utf8_bytes":34,"end_utf16":{"position":34,"line":2,"column":0}}
COMMENT CARRY MISMATCH printer-failure/printNode/comment-carry/equal-utf16-different-bytes/crlf/before#op4: expected {"op":4,"status":"returned","text":"g(y); //next\r\n","utf8_base64":"Zyh5KTsgLy9uZXh0DQo=","utf8_bytes":14,"end_utf16":{"position":14,"line":1,"column":0}} actual {"op":4,"status":"returned","text":"/*new*/ g(y); //next\r\n","utf8_base64":"LypuZXcqLyBnKHkpOyAvL25leHQNCg==","utf8_bytes":22,"end_utf16":{"position":22,"line":1,"column":0}}
COMMENT CARRY MISMATCH printer-failure/printNode/comment-carry/equal-utf16-different-bytes/crlf/after#op2: expected {"op":2,"status":"returned","text":"/*old*/ f(xg(y); //next\r\n","utf8_base64":"LypvbGQqLyBmKHhnKHkpOyAvL25leHQNCg==","utf8_bytes":25,"end_utf16":{"position":25,"line":1,"column":0}} actual {"op":2,"status":"returned","text":"/*old*/ f(x\r\n/*new*/ g(y); //next\r\n","utf8_base64":"LypvbGQqLyBmKHgNCi8qbmV3Ki8gZyh5KTsgLy9uZXh0DQo=","utf8_bytes":35,"end_utf16":{"position":35,"line":2,"column":0}}
COMMENT CARRY MISMATCH printer-failure/printNode/comment-carry/equal-utf16-different-bytes/crlf/after#op4: expected {"op":4,"status":"returned","text":"g(y); //next\r\n","utf8_base64":"Zyh5KTsgLy9uZXh0DQo=","utf8_bytes":14,"end_utf16":{"position":14,"line":1,"column":0}} actual {"op":4,"status":"returned","text":"/*new*/ g(y); //next\r\n","utf8_base64":"LypuZXcqLyBnKHkpOyAvL25leHQNCg==","utf8_bytes":22,"end_utf16":{"position":22,"line":1,"column":0}}
COMMENT CARRY EXACT x2 printer-failure/printNode/comment-carry/equal-bytes-different-utf16/lf/before
COMMENT CARRY EXACT x2 printer-failure/printNode/comment-carry/equal-bytes-different-utf16/lf/after
COMMENT CARRY EXACT x2 printer-failure/printNode/comment-carry/equal-bytes-different-utf16/crlf/before
COMMENT CARRY EXACT x2 printer-failure/printNode/comment-carry/equal-bytes-different-utf16/crlf/after
COMMENT CARRY EXACT x2 printer-failure/printNode/comment-carry/different-offset/lf/before
COMMENT CARRY EXACT x2 printer-failure/printNode/comment-carry/different-offset/lf/after
COMMENT CARRY EXACT x2 printer-failure/printNode/comment-carry/different-offset/crlf/before
COMMENT CARRY EXACT x2 printer-failure/printNode/comment-carry/different-offset/crlf/after
COMMENT CARRY EXACT x2 printer-failure/printNode/comment-carry/short-source-then-original/lf/before
COMMENT CARRY EXACT x2 printer-failure/printNode/comment-carry/short-source-then-original/lf/after
COMMENT CARRY EXACT x2 printer-failure/printNode/comment-carry/short-source-then-original/crlf/before
COMMENT CARRY EXACT x2 printer-failure/printNode/comment-carry/short-source-then-original/crlf/after
COMMENT CARRY MISMATCH printer-failure/printNode/comment-carry/declaration-list-end/lf/before#events: expected 28 events, actual 28; first difference at 2: expected {"op":0,"phase":"substitute","hint":"Expression","kind":214,"pos":17,"end":22} actual {"op":0,"phase":"substitute","hint":"Unspecified","kind":214,"pos":17,"end":22}
COMMENT CARRY MISMATCH printer-failure/printNode/comment-carry/declaration-list-end/lf/after#events: expected 29 events, actual 29; first difference at 2: expected {"op":0,"phase":"substitute","hint":"Expression","kind":214,"pos":17,"end":22} actual {"op":0,"phase":"substitute","hint":"Unspecified","kind":214,"pos":17,"end":22}
COMMENT CARRY MISMATCH printer-failure/printNode/comment-carry/declaration-list-end/crlf/before#events: expected 28 events, actual 28; first difference at 2: expected {"op":0,"phase":"substitute","hint":"Expression","kind":214,"pos":17,"end":22} actual {"op":0,"phase":"substitute","hint":"Unspecified","kind":214,"pos":17,"end":22}
COMMENT CARRY MISMATCH printer-failure/printNode/comment-carry/declaration-list-end/crlf/after#events: expected 29 events, actual 29; first difference at 2: expected {"op":0,"phase":"substitute","hint":"Expression","kind":214,"pos":17,"end":22} actual {"op":0,"phase":"substitute","hint":"Unspecified","kind":214,"pos":17,"end":22}
COMMENT CARRY exact 12/24

thread 'comment_containers_match_across_sources' (16764561) panicked at crates/emitter/tests/printer_failure_contract.rs:964:5:
comment carry failures: ["printer-failure/printNode/comment-carry/equal-ascii/lf/before", "printer-failure/printNode/comment-carry/equal-ascii/lf/after", "printer-failure/printNode/comment-carry/equal-ascii/crlf/before", "printer-failure/printNode/comment-carry/equal-ascii/crlf/after", "printer-failure/printNode/comment-carry/equal-utf16-different-bytes/lf/before", "printer-failure/printNode/comment-carry/equal-utf16-different-bytes/lf/after", "printer-failure/printNode/comment-carry/equal-utf16-different-bytes/crlf/before", "printer-failure/printNode/comment-carry/equal-utf16-different-bytes/crlf/after", "printer-failure/printNode/comment-carry/declaration-list-end/lf/before", "printer-failure/printNode/comment-carry/declaration-list-end/lf/after", "printer-failure/printNode/comment-carry/declaration-list-end/crlf/before", "printer-failure/printNode/comment-carry/declaration-list-end/crlf/after"]
note: run with `RUST_BACKTRACE=1` environment variable to display a backtrace
FAILED

failures:

failures:
    comment_containers_match_across_sources

test result: FAILED. 0 passed; 1 failed; 0 ignored; 0 measured; 6 filtered out; finished in 0.02s

error: test failed, to rerun pass `--test printer_failure_contract`
