{"case_id":"decorator-binding-direct/synthetic/es2015/set/injected-_metadata","attempts":2}
{"case_id":"decorator-binding-direct/synthetic/es2015/set/injected-_classThis","attempts":2}
{"case_id":"decorator-binding-direct/synthetic/es2015/set/injected-_x_decorators","attempts":2}
{"case_id":"decorator-binding-direct/synthetic/es2015/set/injected-_a","attempts":2}
{"case_id":"decorator-binding-direct/synthetic/es2015/set/injected-_outerThis","attempts":2}
{"case_id":"decorator-binding-direct/synthetic/es2015/set/injected-class_1","attempts":2}
{"case_id":"decorator-binding-direct/synthetic/es2015/set/parsed-_metadata","attempts":2}
{"case_id":"decorator-binding-direct/synthetic/es2015/set/parsed-_x_decorators","attempts":2}
{"case_id":"decorator-binding-direct/synthetic/es2015/define/injected-_metadata","attempts":2}
{"case_id":"decorator-binding-direct/synthetic/es2015/define/injected-_classThis","attempts":2}
{"case_id":"decorator-binding-direct/synthetic/es2015/define/injected-_x_decorators","attempts":2}
{"case_id":"decorator-binding-direct/synthetic/es2015/define/injected-_a","attempts":2}
{"case_id":"decorator-binding-direct/synthetic/es2015/define/injected-_outerThis","attempts":2}
{"case_id":"decorator-binding-direct/synthetic/es2015/define/injected-class_1","attempts":2}
{"case_id":"decorator-binding-direct/synthetic/es2015/define/parsed-_metadata","attempts":2}
{"case_id":"decorator-binding-direct/synthetic/es2015/define/parsed-_x_decorators","attempts":2}
{"case_id":"decorator-binding-direct/synthetic/es2022/set/injected-_metadata","attempts":2}
{"case_id":"decorator-binding-direct/synthetic/es2022/set/injected-_classThis","attempts":2}
{"case_id":"decorator-binding-direct/synthetic/es2022/set/injected-_x_decorators","attempts":2}
{"case_id":"decorator-binding-direct/synthetic/es2022/set/injected-_a","attempts":2}
{"case_id":"decorator-binding-direct/synthetic/es2022/set/injected-_outerThis","attempts":2}
{"case_id":"decorator-binding-direct/synthetic/es2022/set/injected-class_1","attempts":2}
{"case_id":"decorator-binding-direct/synthetic/es2022/set/parsed-_metadata","attempts":2}
{"case_id":"decorator-binding-direct/synthetic/es2022/set/parsed-_x_decorators","attempts":2}
{"case_id":"decorator-binding-direct/synthetic/es2022/define/injected-_metadata","attempts":2}
{"case_id":"decorator-binding-direct/synthetic/es2022/define/injected-_classThis","attempts":2}
{"case_id":"decorator-binding-direct/synthetic/es2022/define/injected-_x_decorators","attempts":2}
{"case_id":"decorator-binding-direct/synthetic/es2022/define/injected-_a","attempts":2}
{"case_id":"decorator-binding-direct/synthetic/es2022/define/injected-_outerThis","attempts":2}
{"case_id":"decorator-binding-direct/synthetic/es2022/define/injected-class_1","attempts":2}
{"case_id":"decorator-binding-direct/synthetic/es2022/define/parsed-_metadata","attempts":2}
{"case_id":"decorator-binding-direct/synthetic/es2022/define/parsed-_x_decorators","attempts":2}
{"case_id":"decorator-binding-direct/synthetic/esnext/set/injected-_metadata","attempts":2}
{"case_id":"decorator-binding-direct/synthetic/esnext/set/injected-_classThis","attempts":2}
{"case_id":"decorator-binding-direct/synthetic/esnext/set/injected-_x_decorators","attempts":2}
{"case_id":"decorator-binding-direct/synthetic/esnext/set/injected-_a","attempts":2}
{"case_id":"decorator-binding-direct/synthetic/esnext/set/injected-_outerThis","attempts":2}
{"case_id":"decorator-binding-direct/synthetic/esnext/set/injected-class_1","attempts":2}
{"case_id":"decorator-binding-direct/synthetic/esnext/set/parsed-_metadata","attempts":2}
{"case_id":"decorator-binding-direct/synthetic/esnext/set/parsed-_x_decorators","attempts":2}
{"case_id":"decorator-binding-direct/synthetic/esnext/define/injected-_metadata","attempts":2}
{"case_id":"decorator-binding-direct/synthetic/esnext/define/injected-_classThis","attempts":2}
{"case_id":"decorator-binding-direct/synthetic/esnext/define/injected-_x_decorators","attempts":2}
{"case_id":"decorator-binding-direct/synthetic/esnext/define/injected-_a","attempts":2}
{"case_id":"decorator-binding-direct/synthetic/esnext/define/injected-_outerThis","attempts":2}
{"case_id":"decorator-binding-direct/synthetic/esnext/define/injected-class_1","attempts":2}
{"case_id":"decorator-binding-direct/synthetic/esnext/define/parsed-_metadata","attempts":2}
{"case_id":"decorator-binding-direct/synthetic/esnext/define/parsed-_x_decorators","attempts":2}
{"case_id":"decorator-binding-direct/global/file-level/miss","attempts":2}
{"case_id":"decorator-binding-direct/global/file-level/hit","attempts":2}
{"case_id":"decorator-binding-direct/global/file-level/hit-chain","attempts":2}
{"case_id":"decorator-binding-direct/global/file-level/error","attempts":2}
{"case_id":"decorator-binding-direct/global/scoped/miss","attempts":2}
{"case_id":"decorator-binding-direct/global/scoped/hit","attempts":2}
{"case_id":"decorator-binding-direct/global/scoped/hit-chain","attempts":2}
{"case_id":"decorator-binding-direct/global/scoped/error","attempts":2}
{"case_id":"decorator-binding-direct/global/file-wide/miss","attempts":2}
{"case_id":"decorator-binding-direct/global/file-wide/hit","attempts":2}
{"case_id":"decorator-binding-direct/global/file-wide/hit-chain","attempts":2}
{"case_id":"decorator-binding-direct/global/file-wide/error","attempts":2}
{"case_id":"decorator-binding-direct/global/numbered/miss","attempts":2}
{"case_id":"decorator-binding-direct/global/numbered/hit","attempts":2}
{"case_id":"decorator-binding-direct/global/numbered/hit-chain","attempts":2}
{"case_id":"decorator-binding-direct/global/numbered/error","attempts":2}
{"case_id":"decorator-binding-direct/global/temp/miss","attempts":2}
{"case_id":"decorator-binding-direct/global/temp/hit","attempts":2}
{"case_id":"decorator-binding-direct/global/temp/hit-chain","attempts":2}
{"case_id":"decorator-binding-direct/global/temp/error","attempts":2}
{"case_id":"decorator-binding-direct/global/file-level/parsed-and-hit","attempts":2}
{"case_id":"decorator-binding-direct/global/scoped/parsed-and-hit","attempts":2}
{"case_id":"decorator-binding-direct/lifecycle/reprint/numbered","attempts":2}
{"case_id":"decorator-binding-direct/lifecycle/clone/numbered","attempts":2}
{"case_id":"decorator-binding-direct/lifecycle/failure/numbered/before-statement-1","attempts":2}
{"case_id":"decorator-binding-direct/lifecycle/failure/numbered/after-statement-1","attempts":2}
{"case_id":"decorator-binding-direct/lifecycle/dispose/numbered","attempts":2}
{"case_id":"decorator-binding-direct/lifecycle/reprint/file-level","attempts":2}
{"case_id":"decorator-binding-direct/lifecycle/clone/file-level","attempts":2}
{"case_id":"decorator-binding-direct/lifecycle/failure/file-level/before-statement-1","attempts":2}
{"case_id":"decorator-binding-direct/lifecycle/failure/file-level/after-statement-1","attempts":2}
{"case_id":"decorator-binding-direct/lifecycle/dispose/file-level","attempts":2}
{"case_id":"decorator-binding-direct/lifecycle/reprint/scoped","attempts":2}
{"case_id":"decorator-binding-direct/lifecycle/clone/scoped","attempts":2}
{"case_id":"decorator-binding-direct/lifecycle/failure/scoped/before-statement-1","attempts":2}
{"case_id":"decorator-binding-direct/lifecycle/failure/scoped/after-statement-1","attempts":2}
{"case_id":"decorator-binding-direct/lifecycle/reprint/file-wide","attempts":2}
{"case_id":"decorator-binding-direct/lifecycle/clone/file-wide","attempts":2}
{"case_id":"decorator-binding-direct/lifecycle/failure/file-wide/before-statement-1","attempts":2}
{"case_id":"decorator-binding-direct/lifecycle/failure/file-wide/after-statement-1","attempts":2}
{"case_id":"decorator-binding-direct/lifecycle/reprint/temp","attempts":2}
{"case_id":"decorator-binding-direct/lifecycle/clone/temp","attempts":2}
{"case_id":"decorator-binding-direct/lifecycle/failure/temp/before-statement-1","attempts":2}
{"case_id":"decorator-binding-direct/lifecycle/failure/temp/after-statement-1","attempts":2}
{"case_id":"decorator-binding-direct/lifecycle/failure/node-derived-same-node/before-statement-1","attempts":2}
{"case_id":"decorator-binding-direct/lifecycle/failure/node-derived-same-node/after-statement-1","attempts":2}
{"case_id":"decorator-binding-direct/lifecycle/failure/node-derived-other-node/before-statement-1","attempts":2}
{"case_id":"decorator-binding-direct/lifecycle/failure/node-derived-other-node/after-statement-1","attempts":2}
{"destination":"/Users/hiramatsu/dev/tsc-rs-generated-binding/crates/emitter/tests/fixtures/decorator-binding-direct.json","cases":96,"groups":{"synthetic":48,"global":22,"lifecycle":26},"sha256":"1d5b95460991139be12bd89339a17f5f5bdb12f44af38cffd40a8755b3c1a6f0"}
