   Compiling libc v0.2.186
   Compiling serde_core v1.0.228
   Compiling version_check v0.9.5
   Compiling generic-array v0.14.7
   Compiling jobserver v0.1.35
   Compiling proc-macro2 v1.0.106
   Compiling find-msvc-tools v0.1.9
   Compiling shlex v2.0.1
   Compiling cc v1.2.66
   Compiling serde_json v1.0.150
   Compiling unicode-ident v1.0.24
   Compiling pkg-config v0.3.33
   Compiling typenum v1.20.1
   Compiling quote v1.0.46
   Compiling zstd-sys v2.0.16+zstd.1.5.7
   Compiling tsc-rs-program v0.1.0 (/Users/hiramatsu/dev/tsc-rs-generated-binding/crates/program)
   Compiling tsc-rs-emitter v0.1.0 (/Users/hiramatsu/dev/tsc-rs-generated-binding/crates/emitter)
   Compiling tsc-rs-binder v0.1.0 (/Users/hiramatsu/dev/tsc-rs-generated-binding/crates/binder)
   Compiling syn v2.0.118
   Compiling crypto-common v0.1.7
   Compiling block-buffer v0.10.4
   Compiling tsc-rs-compiler v0.1.0 (/Users/hiramatsu/dev/tsc-rs-generated-binding/crates/compiler)
   Compiling tsc-rs-checker v0.1.0 (/Users/hiramatsu/dev/tsc-rs-generated-binding/crates/checker)
   Compiling serde v1.0.228
   Compiling zstd-safe v7.2.4
   Compiling digest v0.10.7
   Compiling cpufeatures v0.2.17
   Compiling serde_derive v1.0.228
   Compiling cfg-if v1.0.4
   Compiling sha2 v0.10.9
   Compiling tsc-rs-harness v0.1.0 (/Users/hiramatsu/dev/tsc-rs-generated-binding/crates/harness)
   Compiling zstd v0.13.3
   Compiling stats_alloc v0.1.10
   Compiling base64 v0.22.1
warning: unused import: `EmitIoOperation`
  --> crates/compiler/tests/decorator_binding_pipeline_contract.rs:31:50
   |
31 |     EmitArtifact, EmitArtifactKind, EmitIoError, EmitIoOperation, EmitWriteDisposition,
   |                                                  ^^^^^^^^^^^^^^^
   |
   = note: `#[warn(unused_imports)]` (part of `#[warn(unused)]`) on by default

warning: `tsc-rs-compiler` (test "decorator_binding_pipeline_contract") generated 1 warning (run `cargo fix --test "decorator_binding_pipeline_contract" -p tsc-rs-compiler` to apply 1 suggestion)
    Finished `test` profile [unoptimized] target(s) in 8m 24s
  Executable tests/decorator_binding_pipeline_contract.rs (target/debug/deps/decorator_binding_pipeline_contract-6441a05f1df13e98)
